// Jest Snapshot v1, https://goo.gl/fbAQLP

exports[`knowledge base screen should render 1`] = `
<RCTScrollView
  style={
    Array [
      Object {
        "flexBasis": "0%",
        "flexGrow": 1,
        "flexShrink": 1,
        "paddingBottom": 32,
      },
      Object {
        "backgroundColor": "rgba(245, 245, 245, 1)",
      },
    ]
  }
  testID="knowledge_base_screen"
>
  <View>
    <Text
      style={
        Array [
          Object {
            "fontFamily": "RegularFont",
            "fontSize": 16,
            "fontWeight": "400",
            "lineHeight": 24,
          },
          Array [
            Object {
              "color": "rgba(115, 115, 115, 1)",
              "fontFamily": "MediumFont",
              "fontSize": 12,
              "fontWeight": "500",
              "lineHeight": 16,
              "paddingBottom": 8,
              "paddingLeft": 16,
              "paddingRight": 16,
              "paddingTop": 24,
            },
            Object {
              "backgroundColor": "rgba(245, 245, 245, 1)",
              "color": "rgba(115, 115, 115, 1)",
            },
          ],
        ]
      }
      testID="knowledge_base_title"
      text="LEARN ABOUT"
    >
      LEARN ABOUT
    </Text>
    <View
      accessible={true}
      focusable={true}
      onClick={[Function]}
      onResponderGrant={[Function]}
      onResponderMove={[Function]}
      onResponderRelease={[Function]}
      onResponderTerminate={[Function]}
      onResponderTerminationRequest={[Function]}
      onStartShouldSetResponder={[Function]}
      style={
        Object {
          "alignItems": "center",
          "backgroundColor": "rgba(255, 255, 255, 1)",
          "borderBottomColor": "rgba(229, 229, 229, 1)",
          "borderBottomWidth": 1,
          "borderLeftColor": "rgba(229, 229, 229, 1)",
          "borderRightColor": "rgba(229, 229, 229, 1)",
          "borderTopColor": "rgba(229, 229, 229, 1)",
          "display": "flex",
          "flexDirection": "row",
          "justifyContent": "space-between",
          "opacity": 1,
          "paddingBottom": 16,
          "paddingLeft": 16,
          "paddingRight": 8,
          "paddingTop": 16,
        }
      }
      testID="recovery_words_faq"
    >
      <Text
        style={
          Array [
            Object {
              "fontFamily": "RegularFont",
              "fontSize": 16,
              "fontWeight": "400",
              "lineHeight": 24,
            },
            Array [
              Object {
                "fontFamily": "MediumFont",
                "fontWeight": "500",
              },
              Object {
                "color": "rgba(0, 0, 0, 1)",
              },
            ],
          ]
        }
      >
        Recovery words
      </Text>
      <Text />
    </View>
    <View
      accessible={true}
      focusable={true}
      onClick={[Function]}
      onResponderGrant={[Function]}
      onResponderMove={[Function]}
      onResponderRelease={[Function]}
      onResponderTerminate={[Function]}
      onResponderTerminationRequest={[Function]}
      onStartShouldSetResponder={[Function]}
      style={
        Object {
          "alignItems": "center",
          "backgroundColor": "rgba(255, 255, 255, 1)",
          "borderBottomColor": "rgba(229, 229, 229, 1)",
          "borderBottomWidth": 1,
          "borderLeftColor": "rgba(229, 229, 229, 1)",
          "borderRightColor": "rgba(229, 229, 229, 1)",
          "borderTopColor": "rgba(229, 229, 229, 1)",
          "display": "flex",
          "flexDirection": "row",
          "justifyContent": "space-between",
          "opacity": 1,
          "paddingBottom": 16,
          "paddingLeft": 16,
          "paddingRight": 8,
          "paddingTop": 16,
        }
      }
      testID="passcode_faq"
    >
      <Text
        style={
          Array [
            Object {
              "fontFamily": "RegularFont",
              "fontSize": 16,
              "fontWeight": "400",
              "lineHeight": 24,
            },
            Array [
              Object {
                "fontFamily": "MediumFont",
                "fontWeight": "500",
              },
              Object {
                "color": "rgba(0, 0, 0, 1)",
              },
            ],
          ]
        }
      >
        Passcode
      </Text>
      <Text />
    </View>
    <View
      accessible={true}
      focusable={true}
      onClick={[Function]}
      onResponderGrant={[Function]}
      onResponderMove={[Function]}
      onResponderRelease={[Function]}
      onResponderTerminate={[Function]}
      onResponderTerminationRequest={[Function]}
      onStartShouldSetResponder={[Function]}
      style={
        Object {
          "alignItems": "center",
          "backgroundColor": "rgba(255, 255, 255, 1)",
          "borderBottomColor": "rgba(229, 229, 229, 1)",
          "borderBottomWidth": 1,
          "borderLeftColor": "rgba(229, 229, 229, 1)",
          "borderRightColor": "rgba(229, 229, 229, 1)",
          "borderTopColor": "rgba(229, 229, 229, 1)",
          "display": "flex",
          "flexDirection": "row",
          "justifyContent": "space-between",
          "opacity": 1,
          "paddingBottom": 16,
          "paddingLeft": 16,
          "paddingRight": 8,
          "paddingTop": 16,
        }
      }
      testID="utxo_and_token_faq"
    >
      <Text
        style={
          Array [
            Object {
              "fontFamily": "RegularFont",
              "fontSize": 16,
              "fontWeight": "400",
              "lineHeight": 24,
            },
            Array [
              Object {
                "fontFamily": "MediumFont",
                "fontWeight": "500",
              },
              Object {
                "color": "rgba(0, 0, 0, 1)",
              },
            ],
          ]
        }
      >
        UTXO vs Token
      </Text>
      <Text />
    </View>
    <View
      accessible={true}
      focusable={true}
      onClick={[Function]}
      onResponderGrant={[Function]}
      onResponderMove={[Function]}
      onResponderRelease={[Function]}
      onResponderTerminate={[Function]}
      onResponderTerminationRequest={[Function]}
      onStartShouldSetResponder={[Function]}
      style={
        Object {
          "alignItems": "center",
          "backgroundColor": "rgba(255, 255, 255, 1)",
          "borderBottomColor": "rgba(229, 229, 229, 1)",
          "borderBottomWidth": 1,
          "borderLeftColor": "rgba(229, 229, 229, 1)",
          "borderRightColor": "rgba(229, 229, 229, 1)",
          "borderTopColor": "rgba(229, 229, 229, 1)",
          "display": "flex",
          "flexDirection": "row",
          "justifyContent": "space-between",
          "opacity": 1,
          "paddingBottom": 16,
          "paddingLeft": 16,
          "paddingRight": 8,
          "paddingTop": 16,
        }
      }
      testID="dex_faq"
    >
      <Text
        style={
          Array [
            Object {
              "fontFamily": "RegularFont",
              "fontSize": 16,
              "fontWeight": "400",
              "lineHeight": 24,
            },
            Array [
              Object {
                "fontFamily": "MediumFont",
                "fontWeight": "500",
              },
              Object {
                "color": "rgba(0, 0, 0, 1)",
              },
            ],
          ]
        }
      >
        DEX
      </Text>
      <Text />
    </View>
    <View
      accessible={true}
      focusable={true}
      onClick={[Function]}
      onResponderGrant={[Function]}
      onResponderMove={[Function]}
      onResponderRelease={[Function]}
      onResponderTerminate={[Function]}
      onResponderTerminationRequest={[Function]}
      onStartShouldSetResponder={[Function]}
      style={
        Object {
          "alignItems": "center",
          "backgroundColor": "rgba(255, 255, 255, 1)",
          "borderBottomColor": "rgba(229, 229, 229, 1)",
          "borderBottomWidth": 1,
          "borderLeftColor": "rgba(229, 229, 229, 1)",
          "borderRightColor": "rgba(229, 229, 229, 1)",
          "borderTopColor": "rgba(229, 229, 229, 1)",
          "display": "flex",
          "flexDirection": "row",
          "justifyContent": "space-between",
          "opacity": 1,
          "paddingBottom": 16,
          "paddingLeft": 16,
          "paddingRight": 8,
          "paddingTop": 16,
        }
      }
      testID="liquidity_mining_faq"
    >
      <Text
        style={
          Array [
            Object {
              "fontFamily": "RegularFont",
              "fontSize": 16,
              "fontWeight": "400",
              "lineHeight": 24,
            },
            Array [
              Object {
                "fontFamily": "MediumFont",
                "fontWeight": "500",
              },
              Object {
                "color": "rgba(0, 0, 0, 1)",
              },
            ],
          ]
        }
      >
        Liquidity Mining
      </Text>
      <Text />
    </View>
    <View
      accessible={true}
      focusable={true}
      onClick={[Function]}
      onResponderGrant={[Function]}
      onResponderMove={[Function]}
      onResponderRelease={[Function]}
      onResponderTerminate={[Function]}
      onResponderTerminationRequest={[Function]}
      onStartShouldSetResponder={[Function]}
      style={
        Object {
          "alignItems": "center",
          "backgroundColor": "rgba(255, 255, 255, 1)",
          "borderBottomColor": "rgba(229, 229, 229, 1)",
          "borderBottomWidth": 1,
          "borderLeftColor": "rgba(229, 229, 229, 1)",
          "borderRightColor": "rgba(229, 229, 229, 1)",
          "borderTopColor": "rgba(229, 229, 229, 1)",
          "display": "flex",
          "flexDirection": "row",
          "justifyContent": "space-between",
          "opacity": 1,
          "paddingBottom": 16,
          "paddingLeft": 16,
          "paddingRight": 8,
          "paddingTop": 16,
        }
      }
      testID="loans_faq"
    >
      <Text
        style={
          Array [
            Object {
              "fontFamily": "RegularFont",
              "fontSize": 16,
              "fontWeight": "400",
              "lineHeight": 24,
            },
            Array [
              Object {
                "fontFamily": "MediumFont",
                "fontWeight": "500",
              },
              Object {
                "color": "rgba(0, 0, 0, 1)",
              },
            ],
          ]
        }
      >
        Loans
      </Text>
      <Text />
    </View>
  </View>
</RCTScrollView>
`;
