// Jest Snapshot v1, https://goo.gl/fbAQLP

exports[`language selection screen should render 1`] = `
<View
  testID="language_selection_screen"
>
  <Text
    style={
      Array [
        Object {
          "fontFamily": "RegularFont",
          "fontSize": 16,
          "fontWeight": "400",
          "lineHeight": 24,
        },
        Array [
          Object {
            "color": "rgba(115, 115, 115, 1)",
            "fontFamily": "MediumFont",
            "fontSize": 12,
            "fontWeight": "500",
            "lineHeight": 16,
            "paddingBottom": 8,
            "paddingLeft": 16,
            "paddingRight": 16,
            "paddingTop": 24,
          },
          Object {
            "backgroundColor": "rgba(245, 245, 245, 1)",
            "color": "rgba(115, 115, 115, 1)",
          },
        ],
      ]
    }
    testID="language_selection_screen_title"
    text="LANGUAGE"
  >
    LANGUAGE
  </Text>
  <View
    accessible={true}
    focusable={true}
    onClick={[Function]}
    onResponderGrant={[Function]}
    onResponderMove={[Function]}
    onResponderRelease={[Function]}
    onResponderTerminate={[Function]}
    onResponderTerminationRequest={[Function]}
    onStartShouldSetResponder={[Function]}
    style={
      Object {
        "alignItems": "center",
        "backgroundColor": "rgba(255, 255, 255, 1)",
        "borderBottomColor": "rgba(229, 229, 229, 1)",
        "borderBottomWidth": 1,
        "borderLeftColor": "rgba(229, 229, 229, 1)",
        "borderRightColor": "rgba(229, 229, 229, 1)",
        "borderTopColor": "rgba(229, 229, 229, 1)",
        "display": "flex",
        "flexDirection": "row",
        "justifyContent": "space-between",
        "opacity": 1,
        "paddingBottom": 16,
        "paddingLeft": 16,
        "paddingRight": 8,
        "paddingTop": 16,
      }
    }
    testID="button_language_English"
  >
    <View>
      <Text
        style={
          Array [
            Object {
              "fontFamily": "RegularFont",
              "fontSize": 16,
              "fontWeight": "400",
              "lineHeight": 24,
            },
            Array [
              Object {
                "fontFamily": "MediumFont",
                "fontWeight": "500",
              },
              Object {
                "color": "rgba(0, 0, 0, 1)",
              },
            ],
          ]
        }
        testID="language_option"
      >
        English
      </Text>
      <Text
        style={
          Array [
            Object {
              "fontFamily": "RegularFont",
              "fontSize": 16,
              "fontWeight": "400",
              "lineHeight": 24,
            },
            Array [
              Object {
                "fontSize": 14,
                "lineHeight": 20,
              },
              Object {
                "color": "rgba(115, 115, 115, 1)",
              },
            ],
          ]
        }
        testID="language_option_description"
      >
        English
      </Text>
    </View>
    <Text />
  </View>
  <View
    accessible={true}
    focusable={true}
    onClick={[Function]}
    onResponderGrant={[Function]}
    onResponderMove={[Function]}
    onResponderRelease={[Function]}
    onResponderTerminate={[Function]}
    onResponderTerminationRequest={[Function]}
    onStartShouldSetResponder={[Function]}
    style={
      Object {
        "alignItems": "center",
        "backgroundColor": "rgba(255, 255, 255, 1)",
        "borderBottomColor": "rgba(229, 229, 229, 1)",
        "borderBottomWidth": 1,
        "borderLeftColor": "rgba(229, 229, 229, 1)",
        "borderRightColor": "rgba(229, 229, 229, 1)",
        "borderTopColor": "rgba(229, 229, 229, 1)",
        "display": "flex",
        "flexDirection": "row",
        "justifyContent": "space-between",
        "opacity": 1,
        "paddingBottom": 16,
        "paddingLeft": 16,
        "paddingRight": 8,
        "paddingTop": 16,
      }
    }
    testID="button_language_German"
  >
    <View>
      <Text
        style={
          Array [
            Object {
              "fontFamily": "RegularFont",
              "fontSize": 16,
              "fontWeight": "400",
              "lineHeight": 24,
            },
            Array [
              Object {
                "fontFamily": "MediumFont",
                "fontWeight": "500",
              },
              Object {
                "color": "rgba(0, 0, 0, 1)",
              },
            ],
          ]
        }
        testID="language_option"
      >
        Deutsch
      </Text>
      <Text
        style={
          Array [
            Object {
              "fontFamily": "RegularFont",
              "fontSize": 16,
              "fontWeight": "400",
              "lineHeight": 24,
            },
            Array [
              Object {
                "fontSize": 14,
                "lineHeight": 20,
              },
              Object {
                "color": "rgba(115, 115, 115, 1)",
              },
            ],
          ]
        }
        testID="language_option_description"
      >
        German
      </Text>
    </View>
  </View>
  <View
    accessible={true}
    focusable={true}
    onClick={[Function]}
    onResponderGrant={[Function]}
    onResponderMove={[Function]}
    onResponderRelease={[Function]}
    onResponderTerminate={[Function]}
    onResponderTerminationRequest={[Function]}
    onStartShouldSetResponder={[Function]}
    style={
      Object {
        "alignItems": "center",
        "backgroundColor": "rgba(255, 255, 255, 1)",
        "borderBottomColor": "rgba(229, 229, 229, 1)",
        "borderBottomWidth": 1,
        "borderLeftColor": "rgba(229, 229, 229, 1)",
        "borderRightColor": "rgba(229, 229, 229, 1)",
        "borderTopColor": "rgba(229, 229, 229, 1)",
        "display": "flex",
        "flexDirection": "row",
        "justifyContent": "space-between",
        "opacity": 1,
        "paddingBottom": 16,
        "paddingLeft": 16,
        "paddingRight": 8,
        "paddingTop": 16,
      }
    }
    testID="button_language_Chinese (Simplified)"
  >
    <View>
      <Text
        style={
          Array [
            Object {
              "fontFamily": "RegularFont",
              "fontSize": 16,
              "fontWeight": "400",
              "lineHeight": 24,
            },
            Array [
              Object {
                "fontFamily": "MediumFont",
                "fontWeight": "500",
              },
              Object {
                "color": "rgba(0, 0, 0, 1)",
              },
            ],
          ]
        }
        testID="language_option"
      >
        简体中文
      </Text>
      <Text
        style={
          Array [
            Object {
              "fontFamily": "RegularFont",
              "fontSize": 16,
              "fontWeight": "400",
              "lineHeight": 24,
            },
            Array [
              Object {
                "fontSize": 14,
                "lineHeight": 20,
              },
              Object {
                "color": "rgba(115, 115, 115, 1)",
              },
            ],
          ]
        }
        testID="language_option_description"
      >
        Chinese (Simplified)
      </Text>
    </View>
  </View>
  <View
    accessible={true}
    focusable={true}
    onClick={[Function]}
    onResponderGrant={[Function]}
    onResponderMove={[Function]}
    onResponderRelease={[Function]}
    onResponderTerminate={[Function]}
    onResponderTerminationRequest={[Function]}
    onStartShouldSetResponder={[Function]}
    style={
      Object {
        "alignItems": "center",
        "backgroundColor": "rgba(255, 255, 255, 1)",
        "borderBottomColor": "rgba(229, 229, 229, 1)",
        "borderBottomWidth": 1,
        "borderLeftColor": "rgba(229, 229, 229, 1)",
        "borderRightColor": "rgba(229, 229, 229, 1)",
        "borderTopColor": "rgba(229, 229, 229, 1)",
        "display": "flex",
        "flexDirection": "row",
        "justifyContent": "space-between",
        "opacity": 1,
        "paddingBottom": 16,
        "paddingLeft": 16,
        "paddingRight": 8,
        "paddingTop": 16,
      }
    }
    testID="button_language_Chinese (Traditional)"
  >
    <View>
      <Text
        style={
          Array [
            Object {
              "fontFamily": "RegularFont",
              "fontSize": 16,
              "fontWeight": "400",
              "lineHeight": 24,
            },
            Array [
              Object {
                "fontFamily": "MediumFont",
                "fontWeight": "500",
              },
              Object {
                "color": "rgba(0, 0, 0, 1)",
              },
            ],
          ]
        }
        testID="language_option"
      >
        繁體中文
      </Text>
      <Text
        style={
          Array [
            Object {
              "fontFamily": "RegularFont",
              "fontSize": 16,
              "fontWeight": "400",
              "lineHeight": 24,
            },
            Array [
              Object {
                "fontSize": 14,
                "lineHeight": 20,
              },
              Object {
                "color": "rgba(115, 115, 115, 1)",
              },
            ],
          ]
        }
        testID="language_option_description"
      >
        Chinese (Traditional)
      </Text>
    </View>
  </View>
  <View
    accessible={true}
    focusable={true}
    onClick={[Function]}
    onResponderGrant={[Function]}
    onResponderMove={[Function]}
    onResponderRelease={[Function]}
    onResponderTerminate={[Function]}
    onResponderTerminationRequest={[Function]}
    onStartShouldSetResponder={[Function]}
    style={
      Object {
        "alignItems": "center",
        "backgroundColor": "rgba(255, 255, 255, 1)",
        "borderBottomColor": "rgba(229, 229, 229, 1)",
        "borderBottomWidth": 1,
        "borderLeftColor": "rgba(229, 229, 229, 1)",
        "borderRightColor": "rgba(229, 229, 229, 1)",
        "borderTopColor": "rgba(229, 229, 229, 1)",
        "display": "flex",
        "flexDirection": "row",
        "justifyContent": "space-between",
        "opacity": 1,
        "paddingBottom": 16,
        "paddingLeft": 16,
        "paddingRight": 8,
        "paddingTop": 16,
      }
    }
    testID="button_language_French"
  >
    <View>
      <Text
        style={
          Array [
            Object {
              "fontFamily": "RegularFont",
              "fontSize": 16,
              "fontWeight": "400",
              "lineHeight": 24,
            },
            Array [
              Object {
                "fontFamily": "MediumFont",
                "fontWeight": "500",
              },
              Object {
                "color": "rgba(0, 0, 0, 1)",
              },
            ],
          ]
        }
        testID="language_option"
      >
        Français
      </Text>
      <Text
        style={
          Array [
            Object {
              "fontFamily": "RegularFont",
              "fontSize": 16,
              "fontWeight": "400",
              "lineHeight": 24,
            },
            Array [
              Object {
                "fontSize": 14,
                "lineHeight": 20,
              },
              Object {
                "color": "rgba(115, 115, 115, 1)",
              },
            ],
          ]
        }
        testID="language_option_description"
      >
        French
      </Text>
    </View>
  </View>
</View>
`;
