// Jest Snapshot v1, https://goo.gl/fbAQLP

exports[`tokens vs utxo screen should render 1`] = `
<RCTScrollView
  contentContainerStyle={
    Object {
      "paddingBottom": 32,
      "paddingLeft": 24,
      "paddingRight": 24,
      "paddingTop": 24,
    }
  }
  style={
    Array [
      undefined,
      Object {
        "backgroundColor": "rgba(245, 245, 245, 1)",
      },
    ]
  }
  testID="token_vs_utxo_screen"
>
  <View>
    <View
      style={
        Object {
          "paddingBottom": 24,
        }
      }
    >
      <Text
        style={
          Array [
            Object {
              "fontFamily": "RegularFont",
              "fontSize": 16,
              "fontWeight": "400",
              "lineHeight": 24,
            },
            Array [
              Object {
                "fontFamily": "SemiBoldFont",
                "fontSize": 18,
                "fontWeight": "600",
                "lineHeight": 28,
                "paddingBottom": 8,
              },
              Object {
                "color": "rgba(0, 0, 0, 1)",
              },
            ],
          ]
        }
      >
        Learn about UTXOs and Tokens
      </Text>
      <Text
        style={
          Array [
            Object {
              "fontFamily": "RegularFont",
              "fontSize": 16,
              "fontWeight": "400",
              "lineHeight": 24,
            },
            Array [
              undefined,
              Object {
                "color": "rgba(64, 64, 64, 1)",
              },
            ],
          ]
        }
      >
        DFI exists in two forms - UTXO and Token. They can be converted with one another to serve different use cases within your light wallet.
      </Text>
    </View>
    <View
      style={
        Object {
          "marginBottom": 24,
        }
      }
    >
      <View
        style={
          Object {
            "alignItems": "center",
            "flexDirection": "row",
            "flexGrow": 1,
            "marginBottom": 8,
          }
        }
      >
        <RNSVGSvgView
          align="xMidYMid"
          bbHeight={24}
          bbWidth={24}
          focusable={false}
          height={24}
          meetOrSlice={0}
          minX={0}
          minY={0}
          style={
            Array [
              Object {
                "backgroundColor": "transparent",
                "borderWidth": 0,
              },
              Object {
                "flex": 0,
                "height": 24,
                "width": 24,
              },
            ]
          }
          vbHeight={32}
          vbWidth={32}
          width={24}
        >
          <RNSVGGroup>
            <RNSVGCircle
              cx={16}
              cy={16}
              fill={4294901935}
              propList={
                Array [
                  "fill",
                ]
              }
              r={16}
            />
            <RNSVGPath
              d="M18.217 23.454V8.546c3.21.958 5.555 3.937 5.555 7.454s-2.346 6.496-5.555 7.454M15.994 6v8.428l-1.269-1.27-.162-3.167 1.324-3.985a9.952 9.952 0 00-2.454.338l-.64 1.926-1.816-.91a10.03 10.03 0 00-1.974 1.497l3.363 1.685.098 1.928-1.927-.099L8.85 9.01a10.035 10.035 0 00-1.497 1.973l.911 1.816-1.927.64A9.978 9.978 0 006 15.892l3.986-1.324 3.168.162 1.27 1.27-1.27 1.27-3.168.162L6 16.108c.009.849.13 1.669.338 2.454l1.927.64-.911 1.816c.418.719.92 1.383 1.497 1.973l1.686-3.362 1.927-.099-.098 1.928-3.363 1.685a10.04 10.04 0 001.974 1.498l1.815-.911.64 1.926a9.94 9.94 0 002.455.338l-1.324-3.985.162-3.168 1.27-1.27V26c5.522 0 10-4.477 10-10s-4.478-10-10-10"
              fill={4294967295}
              propList={
                Array [
                  "fill",
                ]
              }
            />
          </RNSVGGroup>
        </RNSVGSvgView>
        <View
          style={
            Object {
              "flexBasis": "auto",
              "flexGrow": 1,
              "flexShrink": 1,
              "marginLeft": 8,
            }
          }
        >
          <Text
            style={
              Array [
                Object {
                  "fontFamily": "RegularFont",
                  "fontSize": 16,
                  "fontWeight": "400",
                  "lineHeight": 24,
                },
                Array [
                  Object {
                    "fontFamily": "SemiBoldFont",
                    "fontSize": 18,
                    "fontWeight": "600",
                    "lineHeight": 28,
                  },
                  Object {
                    "color": "rgba(0, 0, 0, 1)",
                  },
                ],
              ]
            }
          >
            DFI in UTXO form
          </Text>
        </View>
      </View>
      <View
        style={
          Object {
            "marginBottom": 16,
          }
        }
      >
        <Text
          style={
            Array [
              Object {
                "fontFamily": "RegularFont",
                "fontSize": 16,
                "fontWeight": "400",
                "lineHeight": 24,
              },
              Array [
                undefined,
                Object {
                  "color": "rgba(64, 64, 64, 1)",
                },
              ],
            ]
          }
        >
          DFI in UTXO form is the primary form of DFI. It is used for core cryptocurrency purposes such as send, receive and fees.
        </Text>
      </View>
      <View
        style={
          Object {
            "marginBottom": 8,
          }
        }
      >
        <Text
          style={
            Array [
              Object {
                "fontFamily": "RegularFont",
                "fontSize": 16,
                "fontWeight": "400",
                "lineHeight": 24,
              },
              Array [
                Object {
                  "fontSize": 14,
                  "lineHeight": 20,
                },
                Object {
                  "color": "rgba(64, 64, 64, 1)",
                },
              ],
            ]
          }
        >
          Use cases include:
        </Text>
      </View>
      <View
        style={
          Object {
            "alignItems": "flex-start",
            "flexDirection": "row",
            "flexGrow": 1,
            "marginBottom": 8,
          }
        }
      >
        <Text />
        <View
          style={
            Object {
              "flexBasis": "auto",
              "flexGrow": 1,
              "flexShrink": 1,
              "marginLeft": 8,
            }
          }
        >
          <Text
            style={
              Array [
                Object {
                  "fontFamily": "RegularFont",
                  "fontSize": 16,
                  "fontWeight": "400",
                  "lineHeight": 24,
                },
                Array [
                  Object {
                    "fontSize": 14,
                    "lineHeight": 20,
                  },
                  Object {
                    "color": "rgba(64, 64, 64, 1)",
                  },
                ],
              ]
            }
          >
            Sending DFI to other wallets
          </Text>
        </View>
      </View>
      <View
        style={
          Object {
            "alignItems": "flex-start",
            "flexDirection": "row",
            "flexGrow": 1,
            "marginBottom": 8,
          }
        }
      >
        <Text />
        <View
          style={
            Object {
              "flexBasis": "auto",
              "flexGrow": 1,
              "flexShrink": 1,
              "marginLeft": 8,
            }
          }
        >
          <Text
            style={
              Array [
                Object {
                  "fontFamily": "RegularFont",
                  "fontSize": 16,
                  "fontWeight": "400",
                  "lineHeight": 24,
                },
                Array [
                  Object {
                    "fontSize": 14,
                    "lineHeight": 20,
                  },
                  Object {
                    "color": "rgba(64, 64, 64, 1)",
                  },
                ],
              ]
            }
          >
            Receiving DFI from other wallets
          </Text>
        </View>
      </View>
      <View
        style={
          Object {
            "alignItems": "flex-start",
            "flexDirection": "row",
            "flexGrow": 1,
            "marginBottom": 8,
          }
        }
      >
        <Text />
        <View
          style={
            Object {
              "flexBasis": "auto",
              "flexGrow": 1,
              "flexShrink": 1,
              "marginLeft": 8,
            }
          }
        >
          <Text
            style={
              Array [
                Object {
                  "fontFamily": "RegularFont",
                  "fontSize": 16,
                  "fontWeight": "400",
                  "lineHeight": 24,
                },
                Array [
                  Object {
                    "fontSize": 14,
                    "lineHeight": 20,
                  },
                  Object {
                    "color": "rgba(64, 64, 64, 1)",
                  },
                ],
              ]
            }
          >
            Transaction fees
          </Text>
        </View>
      </View>
    </View>
    <View
      style={
        Object {
          "marginBottom": 24,
        }
      }
    >
      <View
        style={
          Object {
            "alignItems": "center",
            "flexDirection": "row",
            "flexGrow": 1,
            "marginBottom": 8,
          }
        }
      >
        <RNSVGSvgView
          align="xMidYMid"
          bbHeight={24}
          bbWidth={24}
          focusable={false}
          height={24}
          meetOrSlice={0}
          minX={0}
          minY={0}
          style={
            Array [
              Object {
                "backgroundColor": "transparent",
                "borderWidth": 0,
              },
              Object {
                "flex": 0,
                "height": 24,
                "width": 24,
              },
            ]
          }
          vbHeight={32}
          vbWidth={32}
          width={24}
        >
          <RNSVGGroup>
            <RNSVGCircle
              cx={16}
              cy={16}
              fill={4294954223}
              propList={
                Array [
                  "fill",
                ]
              }
              r={16}
            />
            <RNSVGPath
              d="M18.217 23.454V8.546c3.21.958 5.555 3.937 5.555 7.454s-2.346 6.496-5.555 7.454M15.994 6v8.428l-1.269-1.27-.162-3.167 1.324-3.985a9.952 9.952 0 00-2.454.338l-.64 1.926-1.816-.91a10.03 10.03 0 00-1.974 1.497l3.363 1.685.098 1.928-1.927-.099L8.85 9.01a10.035 10.035 0 00-1.497 1.973l.911 1.816-1.927.64A9.978 9.978 0 006 15.892l3.986-1.324 3.168.162 1.27 1.27-1.27 1.27-3.168.162L6 16.108c.009.849.13 1.669.338 2.454l1.927.64-.911 1.816c.418.719.92 1.383 1.497 1.973l1.686-3.362 1.927-.099-.098 1.928-3.363 1.685a10.04 10.04 0 001.974 1.498l1.815-.911.64 1.926a9.94 9.94 0 002.455.338l-1.324-3.985.162-3.168 1.27-1.27V26c5.522 0 10-4.477 10-10s-4.478-10-10-10"
              fill={4294901935}
              propList={
                Array [
                  "fill",
                ]
              }
            />
          </RNSVGGroup>
        </RNSVGSvgView>
        <View
          style={
            Object {
              "flexBasis": "auto",
              "flexGrow": 1,
              "flexShrink": 1,
              "marginLeft": 8,
            }
          }
        >
          <Text
            style={
              Array [
                Object {
                  "fontFamily": "RegularFont",
                  "fontSize": 16,
                  "fontWeight": "400",
                  "lineHeight": 24,
                },
                Array [
                  Object {
                    "fontFamily": "SemiBoldFont",
                    "fontSize": 18,
                    "fontWeight": "600",
                    "lineHeight": 28,
                  },
                  Object {
                    "color": "rgba(0, 0, 0, 1)",
                  },
                ],
              ]
            }
          >
            DFI in token form
          </Text>
        </View>
      </View>
      <View
        style={
          Object {
            "marginBottom": 16,
          }
        }
      >
        <Text
          style={
            Array [
              Object {
                "fontFamily": "RegularFont",
                "fontSize": 16,
                "fontWeight": "400",
                "lineHeight": 24,
              },
              Array [
                undefined,
                Object {
                  "color": "rgba(64, 64, 64, 1)",
                },
              ],
            ]
          }
        >
          DFIs in token form are used for various DeFiChain functions such as Liquidity Pools, Loans, Auctions and DEX swaps.
        </Text>
      </View>
      <View
        style={
          Object {
            "marginBottom": 8,
          }
        }
      >
        <Text
          style={
            Array [
              Object {
                "fontFamily": "RegularFont",
                "fontSize": 16,
                "fontWeight": "400",
                "lineHeight": 24,
              },
              Array [
                Object {
                  "fontSize": 14,
                  "lineHeight": 20,
                },
                Object {
                  "color": "rgba(64, 64, 64, 1)",
                },
              ],
            ]
          }
        >
          Use cases include:
        </Text>
      </View>
      <View
        style={
          Object {
            "alignItems": "flex-start",
            "flexDirection": "row",
            "flexGrow": 1,
            "marginBottom": 8,
          }
        }
      >
        <Text />
        <View
          style={
            Object {
              "flexBasis": "auto",
              "flexGrow": 1,
              "flexShrink": 1,
              "marginLeft": 8,
            }
          }
        >
          <Text
            style={
              Array [
                Object {
                  "fontFamily": "RegularFont",
                  "fontSize": 16,
                  "fontWeight": "400",
                  "lineHeight": 24,
                },
                Array [
                  Object {
                    "fontSize": 14,
                    "lineHeight": 20,
                  },
                  Object {
                    "color": "rgba(64, 64, 64, 1)",
                  },
                ],
              ]
            }
          >
            Swapping DFI with other tokens (e.g. dBTC, dETH, dUSDT)
          </Text>
        </View>
      </View>
      <View
        style={
          Object {
            "alignItems": "flex-start",
            "flexDirection": "row",
            "flexGrow": 1,
            "marginBottom": 8,
          }
        }
      >
        <Text />
        <View
          style={
            Object {
              "flexBasis": "auto",
              "flexGrow": 1,
              "flexShrink": 1,
              "marginLeft": 8,
            }
          }
        >
          <Text
            style={
              Array [
                Object {
                  "fontFamily": "RegularFont",
                  "fontSize": 16,
                  "fontWeight": "400",
                  "lineHeight": 24,
                },
                Array [
                  Object {
                    "fontSize": 14,
                    "lineHeight": 20,
                  },
                  Object {
                    "color": "rgba(64, 64, 64, 1)",
                  },
                ],
              ]
            }
          >
            Liquidity pools
          </Text>
        </View>
      </View>
      <View
        style={
          Object {
            "alignItems": "flex-start",
            "flexDirection": "row",
            "flexGrow": 1,
            "marginBottom": 8,
          }
        }
      >
        <Text />
        <View
          style={
            Object {
              "flexBasis": "auto",
              "flexGrow": 1,
              "flexShrink": 1,
              "marginLeft": 8,
            }
          }
        >
          <Text
            style={
              Array [
                Object {
                  "fontFamily": "RegularFont",
                  "fontSize": 16,
                  "fontWeight": "400",
                  "lineHeight": 24,
                },
                Array [
                  Object {
                    "fontSize": 14,
                    "lineHeight": 20,
                  },
                  Object {
                    "color": "rgba(64, 64, 64, 1)",
                  },
                ],
              ]
            }
          >
            Auctions and Loans
          </Text>
        </View>
      </View>
    </View>
  </View>
</RCTScrollView>
`;
