// Jest Snapshot v1, https://goo.gl/fbAQLP

exports[`Loans screen should render 1`] = `
<View
  style={
    Array [
      Object {
        "height": "100%",
      },
      Object {
        "backgroundColor": "rgba(245, 245, 245, 1)",
      },
    ]
  }
>
  <View
    style={
      Array [
        Object {
          "display": "flex",
          "flexDirection": "row",
          "paddingTop": 12,
        },
        Object {
          "backgroundColor": "rgba(255, 255, 255, 1)",
        },
      ]
    }
  >
    <View
      style={
        Object {
          "alignItems": "center",
          "display": "flex",
          "width": "50%",
        }
      }
    >
      <View
        accessible={true}
        focusable={true}
        onClick={[Function]}
        onResponderGrant={[Function]}
        onResponderMove={[Function]}
        onResponderRelease={[Function]}
        onResponderTerminate={[Function]}
        onResponderTerminationRequest={[Function]}
        onStartShouldSetResponder={[Function]}
        style={
          Object {
            "alignItems": "center",
            "borderBottomColor": "rgba(255, 0, 175, 1)",
            "borderBottomWidth": 2,
            "borderLeftColor": "rgba(255, 0, 175, 1)",
            "borderRightColor": "rgba(255, 0, 175, 1)",
            "borderTopColor": "rgba(255, 0, 175, 1)",
            "display": "flex",
            "opacity": 1,
          }
        }
      >
        <View
          style={
            Array [
              undefined,
              Object {
                "backgroundColor": "rgba(255, 255, 255, 1)",
              },
            ]
          }
        >
          <Text
            style={
              Array [
                Object {
                  "fontFamily": "RegularFont",
                  "fontSize": 16,
                  "fontWeight": "400",
                  "lineHeight": 24,
                },
                Array [
                  Object {
                    "fontFamily": "SemiBoldFont",
                    "fontSize": 16,
                    "fontWeight": "600",
                    "lineHeight": 24,
                    "paddingBottom": 12,
                    "textAlign": "center",
                  },
                  Object {
                    "color": "rgba(0, 0, 0, 1)",
                  },
                ],
              ]
            }
          >
            Browse loans
          </Text>
        </View>
      </View>
    </View>
    <View
      style={
        Object {
          "alignItems": "center",
          "display": "flex",
          "width": "50%",
        }
      }
    >
      <View
        accessible={true}
        focusable={true}
        onClick={[Function]}
        onResponderGrant={[Function]}
        onResponderMove={[Function]}
        onResponderRelease={[Function]}
        onResponderTerminate={[Function]}
        onResponderTerminationRequest={[Function]}
        onStartShouldSetResponder={[Function]}
        style={
          Object {
            "alignItems": "center",
            "borderBottomColor": "transparent",
            "borderBottomWidth": 2,
            "borderLeftColor": "transparent",
            "borderRightColor": "transparent",
            "borderTopColor": "transparent",
            "display": "flex",
            "opacity": 1,
          }
        }
      >
        <View
          style={
            Array [
              undefined,
              Object {
                "backgroundColor": "rgba(255, 255, 255, 1)",
              },
            ]
          }
        >
          <Text
            style={
              Array [
                Object {
                  "fontFamily": "RegularFont",
                  "fontSize": 16,
                  "fontWeight": "400",
                  "lineHeight": 24,
                },
                Array [
                  Object {
                    "fontSize": 16,
                    "lineHeight": 24,
                    "paddingBottom": 12,
                    "textAlign": "center",
                  },
                  Object {
                    "color": "rgba(115, 115, 115, 1)",
                  },
                ],
              ]
            }
          >
            Your vaults
          </Text>
        </View>
      </View>
    </View>
  </View>
  <RCTScrollView
    data={
      Array [
        Object {
          "interestRate": "2",
          "isVerified": true,
          "loanName": "dGOOGL",
          "onPress": [Function],
          "price": "2600",
          "priceType": "ACTIVE",
        },
        Object {
          "interestRate": "50",
          "isVerified": false,
          "loanName": "dTSLA",
          "onPress": [Function],
          "price": "2500",
          "priceType": "NEXT",
        },
      ]
    }
    disableVirtualization={false}
    getItem={[Function]}
    getItemCount={[Function]}
    horizontal={false}
    initialNumToRender={10}
    keyExtractor={[Function]}
    maxToRenderPerBatch={10}
    onContentSizeChange={[Function]}
    onEndReachedThreshold={2}
    onLayout={[Function]}
    onMomentumScrollEnd={[Function]}
    onScroll={[Function]}
    onScrollBeginDrag={[Function]}
    onScrollEndDrag={[Function]}
    removeClippedSubviews={false}
    renderItem={[Function]}
    scrollEventThrottle={50}
    stickyHeaderIndices={Array []}
    style={
      Array [
        Object {
          "marginBottom": -16,
          "paddingLeft": 8,
          "paddingRight": 8,
          "paddingTop": 16,
        },
        Object {
          "backgroundColor": "rgba(245, 245, 245, 1)",
        },
      ]
    }
    updateCellsBatchingPeriod={50}
    viewabilityConfigCallbackPairs={Array []}
    windowSize={21}
  >
    <View>
      <View
        onLayout={[Function]}
        style={null}
      >
        <View
          style={
            Object {
              "flexDirection": "row",
            }
          }
        >
          <View
            accessible={true}
            focusable={true}
            onClick={[Function]}
            onResponderGrant={[Function]}
            onResponderMove={[Function]}
            onResponderRelease={[Function]}
            onResponderTerminate={[Function]}
            onResponderTerminationRequest={[Function]}
            onStartShouldSetResponder={[Function]}
            style={
              Object {
                "backgroundColor": "rgba(255, 255, 255, 1)",
                "borderBottomColor": "rgba(229, 229, 229, 1)",
                "borderBottomLeftRadius": 4,
                "borderBottomRightRadius": 4,
                "borderBottomWidth": 1,
                "borderLeftColor": "rgba(229, 229, 229, 1)",
                "borderRightColor": "rgba(229, 229, 229, 1)",
                "borderTopColor": "rgba(229, 229, 229, 1)",
                "borderTopLeftRadius": 4,
                "borderTopRightRadius": 4,
                "flexBasis": "0%",
                "flexGrow": 1,
                "flexShrink": 1,
                "marginBottom": 16,
                "marginLeft": 8,
                "marginRight": 8,
                "opacity": 1,
                "paddingBottom": 16,
                "paddingLeft": 16,
                "paddingRight": 16,
                "paddingTop": 16,
              }
            }
          >
            <View
              style={
                Object {
                  "alignItems": "center",
                  "flexDirection": "row",
                  "paddingBottom": 8,
                }
              }
            >
              <RNSVGSvgView
                align="xMidYMid"
                bbHeight={24}
                bbWidth={24}
                focusable={false}
                height={24}
                meetOrSlice={0}
                minX={0}
                minY={0}
                style={
                  Array [
                    Object {
                      "backgroundColor": "transparent",
                      "borderWidth": 0,
                    },
                    Object {
                      "marginRight": 8,
                    },
                    Object {
                      "flex": 0,
                      "height": 24,
                      "width": 24,
                    },
                  ]
                }
                vbHeight={32}
                vbWidth={32}
                width={24}
              >
                <RNSVGGroup>
                  <RNSVGCircle
                    cx={16}
                    cy={16}
                    fill={865906463}
                    propList={
                      Array [
                        "fill",
                      ]
                    }
                    r={16}
                  />
                  <RNSVGText
                    alignmentBaseline="central"
                    content={null}
                    dx={Array []}
                    dy={Array []}
                    fill={4285168132}
                    font={
                      Object {
                        "fontSize": "24",
                        "fontWeight": "bolder",
                        "textAnchor": "middle",
                      }
                    }
                    propList={
                      Array [
                        "fill",
                      ]
                    }
                    rotate={Array []}
                    x={
                      Array [
                        "50%",
                      ]
                    }
                    y={
                      Array [
                        "50%",
                      ]
                    }
                  >
                    <RNSVGTSpan
                      content="D"
                      dx={Array []}
                      dy={Array []}
                      font={Object {}}
                      rotate={Array []}
                      x={Array []}
                      y={Array []}
                    />
                  </RNSVGText>
                </RNSVGGroup>
              </RNSVGSvgView>
              <Text
                style={
                  Array [
                    Object {
                      "fontFamily": "RegularFont",
                      "fontSize": 16,
                      "fontWeight": "400",
                      "lineHeight": 24,
                    },
                    Array [
                      Object {
                        "fontFamily": "SemiBoldFont",
                        "fontWeight": "600",
                      },
                      Object {
                        "color": "rgba(0, 0, 0, 1)",
                      },
                    ],
                  ]
                }
              >
                dGOOGL
              </Text>
            </View>
            <Text
              style={
                Array [
                  Object {
                    "fontFamily": "RegularFont",
                    "fontSize": 16,
                    "fontWeight": "400",
                    "lineHeight": 24,
                  },
                  Array [
                    Object {
                      "fontSize": 12,
                      "lineHeight": 16,
                    },
                    Object {
                      "color": "rgba(115, 115, 115, 1)",
                    },
                  ],
                ]
              }
            >
              Active Price
            </Text>
            <View
              style={
                Object {
                  "alignItems": "center",
                  "display": "flex",
                  "flexDirection": "row",
                  "paddingBottom": 8,
                }
              }
            >
              <Text
                style={
                  Array [
                    Object {
                      "fontFamily": "RegularFont",
                      "fontSize": 16,
                      "fontWeight": "400",
                      "lineHeight": 24,
                    },
                    Array [
                      Object {
                        "fontFamily": "SemiBoldFont",
                        "fontSize": 14,
                        "fontWeight": "600",
                        "lineHeight": 20,
                        "marginRight": 4,
                      },
                      Object {
                        "color": "rgba(0, 0, 0, 1)",
                      },
                    ],
                  ]
                }
              >
                $
                2,600.00
              </Text>
              <Text />
            </View>
            <Text
              style={
                Array [
                  Object {
                    "fontFamily": "RegularFont",
                    "fontSize": 16,
                    "fontWeight": "400",
                    "lineHeight": 24,
                  },
                  Array [
                    Object {
                      "fontSize": 12,
                      "lineHeight": 16,
                    },
                    Object {
                      "color": "rgba(115, 115, 115, 1)",
                    },
                  ],
                ]
              }
            >
              Interest
            </Text>
            <Text
              style={
                Array [
                  Object {
                    "fontFamily": "RegularFont",
                    "fontSize": 16,
                    "fontWeight": "400",
                    "lineHeight": 24,
                  },
                  Array [
                    Object {
                      "fontFamily": "SemiBoldFont",
                      "fontSize": 14,
                      "fontWeight": "600",
                      "lineHeight": 20,
                    },
                    Object {
                      "color": "rgba(0, 0, 0, 1)",
                    },
                  ],
                ]
              }
            >
              2.00%
            </Text>
          </View>
          <View
            style={
              Object {
                "flexBasis": "50%",
              }
            }
          >
            <View
              accessible={true}
              focusable={true}
              onClick={[Function]}
              onResponderGrant={[Function]}
              onResponderMove={[Function]}
              onResponderRelease={[Function]}
              onResponderTerminate={[Function]}
              onResponderTerminationRequest={[Function]}
              onStartShouldSetResponder={[Function]}
              style={
                Object {
                  "backgroundColor": "rgba(255, 255, 255, 1)",
                  "borderBottomColor": "rgba(229, 229, 229, 1)",
                  "borderBottomLeftRadius": 4,
                  "borderBottomRightRadius": 4,
                  "borderBottomWidth": 1,
                  "borderLeftColor": "rgba(229, 229, 229, 1)",
                  "borderRightColor": "rgba(229, 229, 229, 1)",
                  "borderTopColor": "rgba(229, 229, 229, 1)",
                  "borderTopLeftRadius": 4,
                  "borderTopRightRadius": 4,
                  "flexBasis": "0%",
                  "flexGrow": 1,
                  "flexShrink": 1,
                  "marginBottom": 16,
                  "marginLeft": 8,
                  "marginRight": 8,
                  "opacity": 1,
                  "paddingBottom": 16,
                  "paddingLeft": 16,
                  "paddingRight": 16,
                  "paddingTop": 16,
                }
              }
            >
              <View
                style={
                  Object {
                    "alignItems": "center",
                    "flexDirection": "row",
                    "paddingBottom": 8,
                  }
                }
              >
                <RNSVGSvgView
                  align="xMidYMid"
                  bbHeight={24}
                  bbWidth={24}
                  focusable={false}
                  height={24}
                  meetOrSlice={0}
                  minX={0}
                  minY={0}
                  style={
                    Array [
                      Object {
                        "backgroundColor": "transparent",
                        "borderWidth": 0,
                      },
                      Object {
                        "marginRight": 8,
                      },
                      Object {
                        "flex": 0,
                        "height": 24,
                        "width": 24,
                      },
                    ]
                  }
                  vbHeight={32}
                  vbWidth={32}
                  width={24}
                >
                  <RNSVGGroup>
                    <RNSVGCircle
                      cx={16}
                      cy={16}
                      fill={856658304}
                      propList={
                        Array [
                          "fill",
                        ]
                      }
                      r={16}
                    />
                    <RNSVGText
                      alignmentBaseline="central"
                      content={null}
                      dx={Array []}
                      dy={Array []}
                      fill={4278415971}
                      font={
                        Object {
                          "fontSize": "24",
                          "fontWeight": "bolder",
                          "textAnchor": "middle",
                        }
                      }
                      propList={
                        Array [
                          "fill",
                        ]
                      }
                      rotate={Array []}
                      x={
                        Array [
                          "50%",
                        ]
                      }
                      y={
                        Array [
                          "50%",
                        ]
                      }
                    >
                      <RNSVGTSpan
                        content="D"
                        dx={Array []}
                        dy={Array []}
                        font={Object {}}
                        rotate={Array []}
                        x={Array []}
                        y={Array []}
                      />
                    </RNSVGText>
                  </RNSVGGroup>
                </RNSVGSvgView>
                <Text
                  style={
                    Array [
                      Object {
                        "fontFamily": "RegularFont",
                        "fontSize": 16,
                        "fontWeight": "400",
                        "lineHeight": 24,
                      },
                      Array [
                        Object {
                          "fontFamily": "SemiBoldFont",
                          "fontWeight": "600",
                        },
                        Object {
                          "color": "rgba(0, 0, 0, 1)",
                        },
                      ],
                    ]
                  }
                >
                  dTSLA
                </Text>
              </View>
              <Text
                style={
                  Array [
                    Object {
                      "fontFamily": "RegularFont",
                      "fontSize": 16,
                      "fontWeight": "400",
                      "lineHeight": 24,
                    },
                    Array [
                      Object {
                        "fontSize": 12,
                        "lineHeight": 16,
                      },
                      Object {
                        "color": "rgba(115, 115, 115, 1)",
                      },
                    ],
                  ]
                }
              >
                Next Price
              </Text>
              <View
                style={
                  Object {
                    "alignItems": "center",
                    "display": "flex",
                    "flexDirection": "row",
                    "paddingBottom": 8,
                  }
                }
              >
                <Text
                  style={
                    Array [
                      Object {
                        "fontFamily": "RegularFont",
                        "fontSize": 16,
                        "fontWeight": "400",
                        "lineHeight": 24,
                      },
                      Array [
                        Object {
                          "fontFamily": "SemiBoldFont",
                          "fontSize": 14,
                          "fontWeight": "600",
                          "lineHeight": 20,
                          "marginRight": 4,
                        },
                        Object {
                          "color": "rgba(0, 0, 0, 1)",
                        },
                      ],
                    ]
                  }
                >
                  $
                  2,500.00
                </Text>
                <Text />
              </View>
              <Text
                style={
                  Array [
                    Object {
                      "fontFamily": "RegularFont",
                      "fontSize": 16,
                      "fontWeight": "400",
                      "lineHeight": 24,
                    },
                    Array [
                      Object {
                        "fontSize": 12,
                        "lineHeight": 16,
                      },
                      Object {
                        "color": "rgba(115, 115, 115, 1)",
                      },
                    ],
                  ]
                }
              >
                Interest
              </Text>
              <Text
                style={
                  Array [
                    Object {
                      "fontFamily": "RegularFont",
                      "fontSize": 16,
                      "fontWeight": "400",
                      "lineHeight": 24,
                    },
                    Array [
                      Object {
                        "fontFamily": "SemiBoldFont",
                        "fontSize": 14,
                        "fontWeight": "600",
                        "lineHeight": 20,
                      },
                      Object {
                        "color": "rgba(0, 0, 0, 1)",
                      },
                    ],
                  ]
                }
              >
                50.00%
              </Text>
            </View>
          </View>
        </View>
      </View>
    </View>
  </RCTScrollView>
</View>
`;
