// Jest Snapshot v1, https://goo.gl/fbAQLP

exports[`loan cards should match snapshot 1`] = `
<RCTScrollView
  contentContainerStyle={
    Object {
      "paddingBottom": 8,
      "paddingLeft": 8,
      "paddingRight": 8,
      "paddingTop": 16,
    }
  }
  data={
    Array [
      Object {
        "fixedIntervalPriceId": "TS25/USD",
        "interest": "2",
        "token": Object {
          "collateralAddress": "bcrt1qyrfrpadwgw7p5eh3e9h3jmu4kwlz4prx73cqny",
          "creation": Object {
            "height": 151,
            "tx": "3a7e97db4b913fd249da2a59f2edd84f34e111fe1c775a01addfb3b96c147d40",
          },
          "decimal": 8,
          "destruction": Object {
            "height": -1,
            "tx": "0000000000000000000000000000000000000000000000000000000000000000",
          },
          "displaySymbol": "dTS25",
          "finalized": false,
          "id": "17",
          "isDAT": true,
          "isLPS": false,
          "isLoanToken": true,
          "limit": "0",
          "mintable": true,
          "minted": "0",
          "name": "",
          "symbol": "TS25",
          "symbolKey": "TS25",
          "tradeable": true,
        },
        "tokenId": "3a7e97db4b913fd249da2a59f2edd84f34e111fe1c775a01addfb3b96c147d40",
      },
      Object {
        "fixedIntervalPriceId": "TR50/USD",
        "interest": "3",
        "token": Object {
          "collateralAddress": "bcrt1qyrfrpadwgw7p5eh3e9h3jmu4kwlz4prx73cqny",
          "creation": Object {
            "height": 152,
            "tx": "57135919430b915f6f462142161e94474aae824791fa3644541102d7a7959a63",
          },
          "decimal": 8,
          "destruction": Object {
            "height": -1,
            "tx": "0000000000000000000000000000000000000000000000000000000000000000",
          },
          "displaySymbol": "dTR50",
          "finalized": false,
          "id": "18",
          "isDAT": true,
          "isLPS": false,
          "isLoanToken": true,
          "limit": "0",
          "mintable": true,
          "minted": "0",
          "name": "",
          "symbol": "TR50",
          "symbolKey": "TR50",
          "tradeable": true,
        },
        "tokenId": "57135919430b915f6f462142161e94474aae824791fa3644541102d7a7959a63",
      },
      Object {
        "fixedIntervalPriceId": "TU10/USD",
        "interest": "1",
        "token": Object {
          "collateralAddress": "bcrt1qyrfrpadwgw7p5eh3e9h3jmu4kwlz4prx73cqny",
          "creation": Object {
            "height": 149,
            "tx": "943c2f38cf418ff116c402f4f6ec400039223e5aa4fb41f2c4a6e69ac53a4c45",
          },
          "decimal": 8,
          "destruction": Object {
            "height": -1,
            "tx": "0000000000000000000000000000000000000000000000000000000000000000",
          },
          "displaySymbol": "dTU10",
          "finalized": false,
          "id": "15",
          "isDAT": true,
          "isLPS": false,
          "isLoanToken": true,
          "limit": "0",
          "mintable": true,
          "minted": "0",
          "name": "",
          "symbol": "TU10",
          "symbolKey": "TU10",
          "tradeable": true,
        },
        "tokenId": "943c2f38cf418ff116c402f4f6ec400039223e5aa4fb41f2c4a6e69ac53a4c45",
      },
    ]
  }
  disableVirtualization={false}
  getItem={[Function]}
  getItemCount={[Function]}
  horizontal={false}
  initialNumToRender={10}
  keyExtractor={[Function]}
  maxToRenderPerBatch={10}
  onContentSizeChange={[Function]}
  onEndReachedThreshold={2}
  onLayout={[Function]}
  onMomentumScrollEnd={[Function]}
  onScroll={[Function]}
  onScrollBeginDrag={[Function]}
  onScrollEndDrag={[Function]}
  removeClippedSubviews={false}
  renderItem={[Function]}
  scrollEventThrottle={50}
  stickyHeaderIndices={Array []}
  style={
    Array [
      undefined,
      Object {
        "backgroundColor": "rgba(245, 245, 245, 1)",
      },
    ]
  }
  updateCellsBatchingPeriod={50}
  viewabilityConfigCallbackPairs={Array []}
  windowSize={21}
>
  <View>
    <View
      onLayout={[Function]}
      style={null}
    >
      <View
        style={
          Object {
            "flexDirection": "row",
          }
        }
      >
        <View
          style={
            Object {
              "flexBasis": "50%",
            }
          }
        >
          <View
            accessible={true}
            focusable={true}
            onClick={[Function]}
            onResponderGrant={[Function]}
            onResponderMove={[Function]}
            onResponderRelease={[Function]}
            onResponderTerminate={[Function]}
            onResponderTerminationRequest={[Function]}
            onStartShouldSetResponder={[Function]}
            style={
              Object {
                "backgroundColor": "rgba(255, 255, 255, 1)",
                "borderBottomColor": "rgba(229, 229, 229, 1)",
                "borderBottomLeftRadius": 4,
                "borderBottomRightRadius": 4,
                "borderBottomWidth": 1,
                "borderLeftColor": "rgba(229, 229, 229, 1)",
                "borderLeftWidth": 1,
                "borderRightColor": "rgba(229, 229, 229, 1)",
                "borderRightWidth": 1,
                "borderTopColor": "rgba(229, 229, 229, 1)",
                "borderTopLeftRadius": 4,
                "borderTopRightRadius": 4,
                "borderTopWidth": 1,
                "flexBasis": "0%",
                "flexGrow": 1,
                "flexShrink": 1,
                "marginBottom": 16,
                "marginLeft": 8,
                "marginRight": 8,
                "opacity": 1,
                "paddingBottom": 16,
                "paddingLeft": 16,
                "paddingRight": 16,
                "paddingTop": 16,
              }
            }
            testID="loan_card_dTS25"
          >
            <View
              style={
                Object {
                  "alignItems": "center",
                  "flexDirection": "row",
                  "justifyContent": "space-between",
                  "paddingBottom": 8,
                }
              }
            >
              <View
                style={
                  Object {
                    "display": "flex",
                    "flexDirection": "row",
                  }
                }
              >
                <RNSVGSvgView
                  align="xMidYMid"
                  bbHeight={24}
                  bbWidth={24}
                  fill="none"
                  focusable={false}
                  height={24}
                  meetOrSlice={0}
                  minX={0}
                  minY={0}
                  style={
                    Array [
                      Object {
                        "backgroundColor": "transparent",
                        "borderWidth": 0,
                      },
                      Object {
                        "marginRight": 8,
                      },
                      Object {
                        "flex": 0,
                        "height": 24,
                        "width": 24,
                      },
                    ]
                  }
                  vbHeight={32}
                  vbWidth={32}
                  width={24}
                >
                  <RNSVGGroup
                    fill={null}
                    propList={
                      Array [
                        "fill",
                      ]
                    }
                  >
                    <RNSVGGroup
                      clipPath="clip0_1388_11287"
                    >
                      <RNSVGPath
                        clipRule={0}
                        d="M16 0C7.163 0 0 7.163 0 16C0 24.837 7.163 32 16 32C24.838 32 32 24.837 32 16C32 7.163 24.838 0 16 0Z"
                        fill={4279110157}
                        fillRule={0}
                        propList={
                          Array [
                            "fill",
                            "fillRule",
                          ]
                        }
                      />
                    </RNSVGGroup>
                    <RNSVGText
                      content={null}
                      dx={Array []}
                      dy={Array []}
                      fill={4294967295}
                      font={
                        Object {
                          "fontSize": 10,
                          "fontWeight": "bold",
                          "textAnchor": "middle",
                        }
                      }
                      propList={
                        Array [
                          "fill",
                        ]
                      }
                      rotate={Array []}
                      x={
                        Array [
                          "50%",
                        ]
                      }
                      y={
                        Array [
                          "62%",
                        ]
                      }
                    >
                      <RNSVGTSpan
                        content="TS25"
                        dx={Array []}
                        dy={Array []}
                        font={Object {}}
                        rotate={Array []}
                        x={Array []}
                        y={Array []}
                      />
                    </RNSVGText>
                  </RNSVGGroup>
                </RNSVGSvgView>
                <Text
                  style={
                    Array [
                      Object {
                        "fontFamily": "RegularFont",
                        "fontSize": 16,
                        "fontWeight": "400",
                        "lineHeight": 24,
                      },
                      Array [
                        Object {
                          "fontFamily": "MediumFont",
                          "fontWeight": "500",
                        },
                        Object {
                          "color": "rgba(0, 0, 0, 1)",
                        },
                      ],
                    ]
                  }
                  testID="loan_card_0_display_symbol"
                >
                  dTS25
                </Text>
              </View>
              <Text />
            </View>
            <Text
              style={
                Array [
                  Object {
                    "fontFamily": "RegularFont",
                    "fontSize": 16,
                    "fontWeight": "400",
                    "lineHeight": 24,
                  },
                  Array [
                    Object {
                      "fontSize": 12,
                      "lineHeight": 16,
                    },
                    Object {
                      "color": "rgba(115, 115, 115, 1)",
                    },
                  ],
                ]
              }
            >
              Interest
            </Text>
            <Text
              style={
                Array [
                  Object {
                    "fontFamily": "RegularFont",
                    "fontSize": 16,
                    "fontWeight": "400",
                    "lineHeight": 24,
                  },
                  Array [
                    Object {
                      "fontSize": 14,
                      "lineHeight": 20,
                      "paddingBottom": 8,
                    },
                    Object {
                      "color": "rgba(0, 0, 0, 1)",
                    },
                  ],
                ]
              }
              testID="loan_card_0_interest_rate"
            >
              2%
            </Text>
            <Text
              style={
                Array [
                  Object {
                    "fontFamily": "RegularFont",
                    "fontSize": 16,
                    "fontWeight": "400",
                    "lineHeight": 24,
                  },
                  Array [
                    Object {
                      "fontSize": 12,
                      "lineHeight": 16,
                    },
                    Object {
                      "color": "rgba(115, 115, 115, 1)",
                    },
                  ],
                ]
              }
            >
              Price (USD)
            </Text>
            <View
              style={
                Object {
                  "alignItems": "center",
                  "display": "flex",
                  "flexDirection": "row",
                }
              }
            >
              <Text
                style={
                  Array [
                    Object {
                      "fontFamily": "RegularFont",
                      "fontSize": 16,
                      "fontWeight": "400",
                      "lineHeight": 24,
                    },
                    Array [
                      Object {
                        "fontSize": 14,
                        "lineHeight": 20,
                        "marginRight": 4,
                      },
                      Object {
                        "color": "rgba(0, 0, 0, 1)",
                      },
                    ],
                  ]
                }
                testID="loan_card_0_loan_amount"
              >
                $
                0.00
              </Text>
            </View>
          </View>
        </View>
        <View
          style={
            Object {
              "flexBasis": "50%",
            }
          }
        >
          <View
            accessible={true}
            focusable={true}
            onClick={[Function]}
            onResponderGrant={[Function]}
            onResponderMove={[Function]}
            onResponderRelease={[Function]}
            onResponderTerminate={[Function]}
            onResponderTerminationRequest={[Function]}
            onStartShouldSetResponder={[Function]}
            style={
              Object {
                "backgroundColor": "rgba(255, 255, 255, 1)",
                "borderBottomColor": "rgba(229, 229, 229, 1)",
                "borderBottomLeftRadius": 4,
                "borderBottomRightRadius": 4,
                "borderBottomWidth": 1,
                "borderLeftColor": "rgba(229, 229, 229, 1)",
                "borderLeftWidth": 1,
                "borderRightColor": "rgba(229, 229, 229, 1)",
                "borderRightWidth": 1,
                "borderTopColor": "rgba(229, 229, 229, 1)",
                "borderTopLeftRadius": 4,
                "borderTopRightRadius": 4,
                "borderTopWidth": 1,
                "flexBasis": "0%",
                "flexGrow": 1,
                "flexShrink": 1,
                "marginBottom": 16,
                "marginLeft": 8,
                "marginRight": 8,
                "opacity": 1,
                "paddingBottom": 16,
                "paddingLeft": 16,
                "paddingRight": 16,
                "paddingTop": 16,
              }
            }
            testID="loan_card_dTR50"
          >
            <View
              style={
                Object {
                  "alignItems": "center",
                  "flexDirection": "row",
                  "justifyContent": "space-between",
                  "paddingBottom": 8,
                }
              }
            >
              <View
                style={
                  Object {
                    "display": "flex",
                    "flexDirection": "row",
                  }
                }
              >
                <RNSVGSvgView
                  align="xMidYMid"
                  bbHeight={24}
                  bbWidth={24}
                  fill="none"
                  focusable={false}
                  height={24}
                  meetOrSlice={0}
                  minX={0}
                  minY={0}
                  style={
                    Array [
                      Object {
                        "backgroundColor": "transparent",
                        "borderWidth": 0,
                      },
                      Object {
                        "marginRight": 8,
                      },
                      Object {
                        "flex": 0,
                        "height": 24,
                        "width": 24,
                      },
                    ]
                  }
                  vbHeight={32}
                  vbWidth={32}
                  width={24}
                >
                  <RNSVGGroup
                    fill={null}
                    propList={
                      Array [
                        "fill",
                      ]
                    }
                  >
                    <RNSVGGroup
                      clipPath="clip0_1388_11287"
                    >
                      <RNSVGPath
                        clipRule={0}
                        d="M16 0C7.163 0 0 7.163 0 16C0 24.837 7.163 32 16 32C24.838 32 32 24.837 32 16C32 7.163 24.838 0 16 0Z"
                        fill={4279110157}
                        fillRule={0}
                        propList={
                          Array [
                            "fill",
                            "fillRule",
                          ]
                        }
                      />
                    </RNSVGGroup>
                    <RNSVGText
                      content={null}
                      dx={Array []}
                      dy={Array []}
                      fill={4294967295}
                      font={
                        Object {
                          "fontSize": 10,
                          "fontWeight": "bold",
                          "textAnchor": "middle",
                        }
                      }
                      propList={
                        Array [
                          "fill",
                        ]
                      }
                      rotate={Array []}
                      x={
                        Array [
                          "50%",
                        ]
                      }
                      y={
                        Array [
                          "62%",
                        ]
                      }
                    >
                      <RNSVGTSpan
                        content="TR50"
                        dx={Array []}
                        dy={Array []}
                        font={Object {}}
                        rotate={Array []}
                        x={Array []}
                        y={Array []}
                      />
                    </RNSVGText>
                  </RNSVGGroup>
                </RNSVGSvgView>
                <Text
                  style={
                    Array [
                      Object {
                        "fontFamily": "RegularFont",
                        "fontSize": 16,
                        "fontWeight": "400",
                        "lineHeight": 24,
                      },
                      Array [
                        Object {
                          "fontFamily": "MediumFont",
                          "fontWeight": "500",
                        },
                        Object {
                          "color": "rgba(0, 0, 0, 1)",
                        },
                      ],
                    ]
                  }
                  testID="loan_card_1_display_symbol"
                >
                  dTR50
                </Text>
              </View>
              <Text />
            </View>
            <Text
              style={
                Array [
                  Object {
                    "fontFamily": "RegularFont",
                    "fontSize": 16,
                    "fontWeight": "400",
                    "lineHeight": 24,
                  },
                  Array [
                    Object {
                      "fontSize": 12,
                      "lineHeight": 16,
                    },
                    Object {
                      "color": "rgba(115, 115, 115, 1)",
                    },
                  ],
                ]
              }
            >
              Interest
            </Text>
            <Text
              style={
                Array [
                  Object {
                    "fontFamily": "RegularFont",
                    "fontSize": 16,
                    "fontWeight": "400",
                    "lineHeight": 24,
                  },
                  Array [
                    Object {
                      "fontSize": 14,
                      "lineHeight": 20,
                      "paddingBottom": 8,
                    },
                    Object {
                      "color": "rgba(0, 0, 0, 1)",
                    },
                  ],
                ]
              }
              testID="loan_card_1_interest_rate"
            >
              3%
            </Text>
            <Text
              style={
                Array [
                  Object {
                    "fontFamily": "RegularFont",
                    "fontSize": 16,
                    "fontWeight": "400",
                    "lineHeight": 24,
                  },
                  Array [
                    Object {
                      "fontSize": 12,
                      "lineHeight": 16,
                    },
                    Object {
                      "color": "rgba(115, 115, 115, 1)",
                    },
                  ],
                ]
              }
            >
              Price (USD)
            </Text>
            <View
              style={
                Object {
                  "alignItems": "center",
                  "display": "flex",
                  "flexDirection": "row",
                }
              }
            >
              <Text
                style={
                  Array [
                    Object {
                      "fontFamily": "RegularFont",
                      "fontSize": 16,
                      "fontWeight": "400",
                      "lineHeight": 24,
                    },
                    Array [
                      Object {
                        "fontSize": 14,
                        "lineHeight": 20,
                        "marginRight": 4,
                      },
                      Object {
                        "color": "rgba(0, 0, 0, 1)",
                      },
                    ],
                  ]
                }
                testID="loan_card_1_loan_amount"
              >
                $
                0.00
              </Text>
            </View>
          </View>
        </View>
      </View>
    </View>
    <View
      onLayout={[Function]}
      style={null}
    >
      <View
        style={
          Object {
            "flexDirection": "row",
          }
        }
      >
        <View
          style={
            Object {
              "flexBasis": "50%",
            }
          }
        >
          <View
            accessible={true}
            focusable={true}
            onClick={[Function]}
            onResponderGrant={[Function]}
            onResponderMove={[Function]}
            onResponderRelease={[Function]}
            onResponderTerminate={[Function]}
            onResponderTerminationRequest={[Function]}
            onStartShouldSetResponder={[Function]}
            style={
              Object {
                "backgroundColor": "rgba(255, 255, 255, 1)",
                "borderBottomColor": "rgba(229, 229, 229, 1)",
                "borderBottomLeftRadius": 4,
                "borderBottomRightRadius": 4,
                "borderBottomWidth": 1,
                "borderLeftColor": "rgba(229, 229, 229, 1)",
                "borderLeftWidth": 1,
                "borderRightColor": "rgba(229, 229, 229, 1)",
                "borderRightWidth": 1,
                "borderTopColor": "rgba(229, 229, 229, 1)",
                "borderTopLeftRadius": 4,
                "borderTopRightRadius": 4,
                "borderTopWidth": 1,
                "flexBasis": "0%",
                "flexGrow": 1,
                "flexShrink": 1,
                "marginBottom": 16,
                "marginLeft": 8,
                "marginRight": 8,
                "opacity": 1,
                "paddingBottom": 16,
                "paddingLeft": 16,
                "paddingRight": 16,
                "paddingTop": 16,
              }
            }
            testID="loan_card_dTU10"
          >
            <View
              style={
                Object {
                  "alignItems": "center",
                  "flexDirection": "row",
                  "justifyContent": "space-between",
                  "paddingBottom": 8,
                }
              }
            >
              <View
                style={
                  Object {
                    "display": "flex",
                    "flexDirection": "row",
                  }
                }
              >
                <RNSVGSvgView
                  align="xMidYMid"
                  bbHeight={24}
                  bbWidth={24}
                  fill="none"
                  focusable={false}
                  height={24}
                  meetOrSlice={0}
                  minX={0}
                  minY={0}
                  style={
                    Array [
                      Object {
                        "backgroundColor": "transparent",
                        "borderWidth": 0,
                      },
                      Object {
                        "marginRight": 8,
                      },
                      Object {
                        "flex": 0,
                        "height": 24,
                        "width": 24,
                      },
                    ]
                  }
                  vbHeight={32}
                  vbWidth={32}
                  width={24}
                >
                  <RNSVGGroup
                    fill={null}
                    propList={
                      Array [
                        "fill",
                      ]
                    }
                  >
                    <RNSVGGroup
                      clipPath="clip0_1388_11287"
                    >
                      <RNSVGPath
                        clipRule={0}
                        d="M16 0C7.163 0 0 7.163 0 16C0 24.837 7.163 32 16 32C24.838 32 32 24.837 32 16C32 7.163 24.838 0 16 0Z"
                        fill={4279110157}
                        fillRule={0}
                        propList={
                          Array [
                            "fill",
                            "fillRule",
                          ]
                        }
                      />
                    </RNSVGGroup>
                    <RNSVGText
                      content={null}
                      dx={Array []}
                      dy={Array []}
                      fill={4294967295}
                      font={
                        Object {
                          "fontSize": 10,
                          "fontWeight": "bold",
                          "textAnchor": "middle",
                        }
                      }
                      propList={
                        Array [
                          "fill",
                        ]
                      }
                      rotate={Array []}
                      x={
                        Array [
                          "50%",
                        ]
                      }
                      y={
                        Array [
                          "62%",
                        ]
                      }
                    >
                      <RNSVGTSpan
                        content="TU10"
                        dx={Array []}
                        dy={Array []}
                        font={Object {}}
                        rotate={Array []}
                        x={Array []}
                        y={Array []}
                      />
                    </RNSVGText>
                  </RNSVGGroup>
                </RNSVGSvgView>
                <Text
                  style={
                    Array [
                      Object {
                        "fontFamily": "RegularFont",
                        "fontSize": 16,
                        "fontWeight": "400",
                        "lineHeight": 24,
                      },
                      Array [
                        Object {
                          "fontFamily": "MediumFont",
                          "fontWeight": "500",
                        },
                        Object {
                          "color": "rgba(0, 0, 0, 1)",
                        },
                      ],
                    ]
                  }
                  testID="loan_card_2_display_symbol"
                >
                  dTU10
                </Text>
              </View>
              <Text />
            </View>
            <Text
              style={
                Array [
                  Object {
                    "fontFamily": "RegularFont",
                    "fontSize": 16,
                    "fontWeight": "400",
                    "lineHeight": 24,
                  },
                  Array [
                    Object {
                      "fontSize": 12,
                      "lineHeight": 16,
                    },
                    Object {
                      "color": "rgba(115, 115, 115, 1)",
                    },
                  ],
                ]
              }
            >
              Interest
            </Text>
            <Text
              style={
                Array [
                  Object {
                    "fontFamily": "RegularFont",
                    "fontSize": 16,
                    "fontWeight": "400",
                    "lineHeight": 24,
                  },
                  Array [
                    Object {
                      "fontSize": 14,
                      "lineHeight": 20,
                      "paddingBottom": 8,
                    },
                    Object {
                      "color": "rgba(0, 0, 0, 1)",
                    },
                  ],
                ]
              }
              testID="loan_card_2_interest_rate"
            >
              1%
            </Text>
            <Text
              style={
                Array [
                  Object {
                    "fontFamily": "RegularFont",
                    "fontSize": 16,
                    "fontWeight": "400",
                    "lineHeight": 24,
                  },
                  Array [
                    Object {
                      "fontSize": 12,
                      "lineHeight": 16,
                    },
                    Object {
                      "color": "rgba(115, 115, 115, 1)",
                    },
                  ],
                ]
              }
            >
              Price (USD)
            </Text>
            <View
              style={
                Object {
                  "alignItems": "center",
                  "display": "flex",
                  "flexDirection": "row",
                }
              }
            >
              <Text
                style={
                  Array [
                    Object {
                      "fontFamily": "RegularFont",
                      "fontSize": 16,
                      "fontWeight": "400",
                      "lineHeight": 24,
                    },
                    Array [
                      Object {
                        "fontSize": 14,
                        "lineHeight": 20,
                        "marginRight": 4,
                      },
                      Object {
                        "color": "rgba(0, 0, 0, 1)",
                      },
                    ],
                  ]
                }
                testID="loan_card_2_loan_amount"
              >
                $
                0.00
              </Text>
            </View>
          </View>
        </View>
      </View>
    </View>
  </View>
</RCTScrollView>
`;
