// Jest Snapshot v1, https://goo.gl/fbAQLP

exports[`Conversion info text should match snapshot 1`] = `
<View
  style={
    [
      [
        {},
        undefined,
      ],
      {},
    ]
  }
>
  <Text />
  <Text
    style={
      [
        {},
        [
          {},
          {},
        ],
      ]
    }
    testID="conversion_info_text"
    text="Conversion will be required. Your passcode will be asked to authorize both transactions."
  >
    Conversion will be required. Your passcode will be asked to authorize both transactions.
  </Text>
</View>
`;
