// Jest Snapshot v1, https://goo.gl/fbAQLP

exports[`wallet transactional card text input should render with default keyboard 1`] = `
<View
  style={
    [
      {},
      {},
    ]
  }
>
  <Text
    style={
      [
        {},
        [
          {},
          {},
        ],
      ]
    }
    testID="titleTestID"
    text="foo"
  >
    foo
  </Text>
  <View
    style={
      [
        {},
        {},
      ]
    }
  >
    <View
      style={
        [
          {},
          false,
          undefined,
        ]
      }
    >
      <TextInput
        editable={true}
        keyboardType="default"
        onBlur={[Function]}
        placeholder="bar"
        placeholderTextColor="#ffffff"
        selectionColor="#ffffff"
        style={
          [
            {},
            {},
          ]
        }
        testID="testID"
        value=""
      />
    </View>
    <View />
  </View>
  <Text
    style={
      [
        {},
        undefined,
      ]
    }
    testID="testID_error"
  >
    invalid
  </Text>
</View>
`;

exports[`wallet transactional card text input should render with numeric keyboard 1`] = `
<View
  style={
    [
      {},
      {},
    ]
  }
>
  <Text
    style={
      [
        {},
        [
          {},
          {},
        ],
      ]
    }
    testID="titleTestID"
    text="foo"
  >
    foo
  </Text>
  <View
    style={
      [
        {},
        {},
      ]
    }
  >
    <View
      style={
        [
          {},
          false,
          undefined,
        ]
      }
    >
      <TextInput
        editable={true}
        keyboardType="default"
        onBlur={[Function]}
        placeholder="bar"
        placeholderTextColor="#ffffff"
        selectionColor="#ffffff"
        style={
          [
            {},
            {},
          ]
        }
        testID="testID"
        value=""
      />
    </View>
    <View />
  </View>
  <Text
    style={
      [
        {},
        undefined,
      ]
    }
    testID="testID_error"
  >
    invalid
  </Text>
</View>
`;
