// Jest Snapshot v1, https://goo.gl/fbAQLP

exports[`wallet accordion should render 1`] = `
<RCTScrollView
  style={
    Array [
      undefined,
      Object {
        "backgroundColor": "rgba(245, 245, 245, 1)",
      },
    ]
  }
>
  <View>
    <Text
      style={
        Array [
          Object {
            "fontFamily": "RegularFont",
            "fontSize": 16,
            "fontWeight": "400",
            "lineHeight": 24,
          },
          Array [
            Object {
              "fontFamily": "MediumFont",
              "fontSize": 12,
              "fontWeight": "500",
              "lineHeight": 16,
              "marginTop": 32,
            },
            Object {
              "color": "rgba(163, 163, 163, 1)",
            },
          ],
        ]
      }
      text="foo"
    >
      foo
    </Text>
    <View
      style={
        Array [
          Object {
            "borderBottomLeftRadius": 8,
            "borderBottomRightRadius": 8,
            "borderBottomWidth": 1,
            "borderLeftWidth": 1,
            "borderRightWidth": 1,
            "borderTopLeftRadius": 8,
            "borderTopRightRadius": 8,
            "borderTopWidth": 1,
            "marginTop": 8,
            "overflow": "hidden",
          },
          Object {
            "backgroundColor": "rgba(255, 255, 255, 1)",
            "borderBottomColor": "rgba(229, 229, 229, 1)",
            "borderLeftColor": "rgba(229, 229, 229, 1)",
            "borderRightColor": "rgba(229, 229, 229, 1)",
            "borderTopColor": "rgba(229, 229, 229, 1)",
          },
        ]
      }
    >
      <View
        style={Object {}}
      >
        <View
          accessibilityState={
            Object {
              "expanded": false,
            }
          }
          accessible={true}
          focusable={true}
          onClick={[Function]}
          onResponderGrant={[Function]}
          onResponderMove={[Function]}
          onResponderRelease={[Function]}
          onResponderTerminate={[Function]}
          onResponderTerminationRequest={[Function]}
          onStartShouldSetResponder={[Function]}
        >
          <View
            style={
              Array [
                Array [
                  Object {
                    "alignItems": "center",
                    "flexDirection": "row",
                    "justifyContent": "space-between",
                    "paddingBottom": 16,
                    "paddingLeft": 16,
                    "paddingRight": 16,
                    "paddingTop": 16,
                  },
                  false,
                  false,
                ],
                Object {
                  "borderBottomColor": "rgba(229, 229, 229, 1)",
                  "borderLeftColor": "rgba(229, 229, 229, 1)",
                  "borderRightColor": "rgba(229, 229, 229, 1)",
                  "borderTopColor": "rgba(229, 229, 229, 1)",
                },
              ]
            }
          >
            <Text
              style={
                Array [
                  Object {
                    "fontFamily": "RegularFont",
                    "fontSize": 16,
                    "fontWeight": "400",
                    "lineHeight": 24,
                  },
                  Array [
                    Array [
                      Object {
                        "flexBasis": "0%",
                        "flexGrow": 1,
                        "flexShrink": 1,
                        "fontSize": 14,
                        "lineHeight": 20,
                      },
                      false,
                    ],
                    Object {
                      "color": "rgba(115, 115, 115, 1)",
                    },
                  ],
                ]
              }
            >
              foo
            </Text>
            <Text />
          </View>
        </View>
        <View
          pointerEvents="none"
          style={
            Object {
              "height": 0,
              "overflow": "hidden",
            }
          }
        >
          <View
            forwardedRef={[Function]}
            onLayout={[Function]}
            style={Object {}}
          >
            <View
              style={
                Array [
                  Array [
                    Object {
                      "paddingBottom": 16,
                      "paddingLeft": 16,
                      "paddingRight": 16,
                      "paddingTop": 0,
                    },
                    false,
                  ],
                  Object {
                    "borderBottomColor": "rgba(229, 229, 229, 1)",
                    "borderLeftColor": "rgba(229, 229, 229, 1)",
                    "borderRightColor": "rgba(229, 229, 229, 1)",
                    "borderTopColor": "rgba(229, 229, 229, 1)",
                  },
                ]
              }
            >
              <View
                style={
                  Object {
                    "flexDirection": "row",
                    "justifyContent": "flex-start",
                  }
                }
              >
                <Text
                  style={
                    Array [
                      Object {
                        "fontFamily": "RegularFont",
                        "fontSize": 16,
                        "fontWeight": "400",
                        "lineHeight": 24,
                      },
                      Array [
                        Object {
                          "flexBasis": "0%",
                          "flexGrow": 1,
                          "flexShrink": 1,
                          "fontSize": 14,
                          "lineHeight": 20,
                        },
                        Object {
                          "color": "rgba(82, 82, 82, 1)",
                        },
                      ],
                    ]
                  }
                >
                  foo
                </Text>
              </View>
              <View
                style={
                  Object {
                    "flexDirection": "row",
                    "justifyContent": "flex-start",
                  }
                }
              >
                <Text
                  style={
                    Array [
                      Object {
                        "fontFamily": "RegularFont",
                        "fontSize": 16,
                        "fontWeight": "400",
                        "lineHeight": 24,
                      },
                      Array [
                        Object {
                          "fontFamily": "BoldFont",
                          "fontSize": 14,
                          "fontWeight": "700",
                          "lineHeight": 20,
                          "width": "8.333333%",
                        },
                        Object {
                          "color": "rgba(0, 0, 0, 1)",
                        },
                      ],
                    ]
                  }
                >
                  â€¢
                </Text>
                <Text
                  style={
                    Array [
                      Object {
                        "fontFamily": "RegularFont",
                        "fontSize": 16,
                        "fontWeight": "400",
                        "lineHeight": 24,
                      },
                      Array [
                        Object {
                          "flexBasis": "0%",
                          "flexGrow": 1,
                          "flexShrink": 1,
                          "fontSize": 14,
                          "lineHeight": 20,
                        },
                        Object {
                          "color": "rgba(82, 82, 82, 1)",
                        },
                      ],
                    ]
                  }
                >
                  bar
                </Text>
              </View>
            </View>
          </View>
        </View>
      </View>
    </View>
  </View>
</RCTScrollView>
`;
