// Jest Snapshot v1, https://goo.gl/fbAQLP

exports[`create wallet guidelines v2 should match snapshot 1`] = `
<RCTScrollView
  contentContainerStyle={
    Object {
      "paddingBottom": 64,
      "paddingLeft": 20,
      "paddingRight": 20,
      "paddingTop": 48,
    }
  }
  style={
    Array [
      Object {
        "flexBasis": "0%",
        "flexGrow": 1,
        "flexShrink": 1,
      },
      Object {
        "backgroundColor": "rgba(242, 242, 242, 1)",
      },
    ]
  }
>
  <View>
    <View
      style={
        Object {
          "display": "flex",
          "flexDirection": "row",
          "justifyContent": "center",
        }
      }
    >
      <Image
        source={1}
        style={
          Object {
            "height": 136,
            "width": 200,
          }
        }
      />
    </View>
    <Text
      style={
        Array [
          Object {
            "fontFamily": "RegularFont",
            "fontSize": 16,
            "fontWeight": "400",
            "lineHeight": 24,
          },
          Array [
            Object {
              "fontSize": 16,
              "lineHeight": 24,
              "marginTop": 28,
              "textAlign": "center",
            },
            Object {
              "color": "rgba(18, 18, 18, 1)",
            },
          ],
        ]
      }
    >
      You will be shown 24 recovery words on the next screen. Keep your 24-word recovery safe as it will allow you to recover access to the wallet
    </Text>
    <Text
      style={
        Array [
          Object {
            "fontFamily": "RegularFont",
            "fontSize": 16,
            "fontWeight": "400",
            "lineHeight": 24,
          },
          Array [
            Object {
              "fontFamily": "SemiBoldFont",
              "fontSize": 16,
              "fontWeight": "600",
              "lineHeight": 24,
              "marginTop": 8,
              "textAlign": "center",
            },
            Object {
              "color": "rgba(18, 18, 18, 1)",
            },
          ],
        ]
      }
    >
      Learn more
    </Text>
    <View
      style={
        Object {
          "marginTop": 48,
          "paddingLeft": 12,
          "paddingRight": 12,
        }
      }
    >
      <View
        style={
          Object {
            "alignItems": "flex-start",
            "flexDirection": "row",
            "marginBottom": 12,
            "marginTop": 12,
          }
        }
      >
        <View
          style={
            Array [
              Object {
                "alignItems": "center",
                "borderBottomLeftRadius": 9999,
                "borderBottomRightRadius": 9999,
                "borderTopLeftRadius": 9999,
                "borderTopRightRadius": 9999,
                "flexDirection": "row",
                "height": 24,
                "justifyContent": "center",
                "marginTop": 4,
                "width": 24,
              },
              Object {
                "backgroundColor": "rgba(43, 43, 43, 1)",
              },
            ]
          }
        >
          <Text />
        </View>
        <Text
          style={
            Array [
              Object {
                "fontFamily": "RegularFont",
                "fontSize": 16,
                "fontWeight": "400",
                "lineHeight": 24,
              },
              Array [
                Object {
                  "fontSize": 12,
                  "lineHeight": 16,
                  "marginLeft": 16,
                },
                Object {
                  "color": "rgba(43, 43, 43, 1)",
                },
              ],
            ]
          }
        >
          Write the words on paper. Take note of their correct spelling and order.
        </Text>
      </View>
      <View
        style={
          Object {
            "alignItems": "flex-start",
            "flexDirection": "row",
            "marginBottom": 12,
            "marginTop": 12,
          }
        }
      >
        <View
          style={
            Array [
              Object {
                "alignItems": "center",
                "borderBottomLeftRadius": 9999,
                "borderBottomRightRadius": 9999,
                "borderTopLeftRadius": 9999,
                "borderTopRightRadius": 9999,
                "flexDirection": "row",
                "height": 24,
                "justifyContent": "center",
                "marginTop": 4,
                "width": 24,
              },
              Object {
                "backgroundColor": "rgba(43, 43, 43, 1)",
              },
            ]
          }
        >
          <Text />
        </View>
        <Text
          style={
            Array [
              Object {
                "fontFamily": "RegularFont",
                "fontSize": 16,
                "fontWeight": "400",
                "lineHeight": 24,
              },
              Array [
                Object {
                  "fontSize": 12,
                  "lineHeight": 16,
                  "marginLeft": 16,
                },
                Object {
                  "color": "rgba(43, 43, 43, 1)",
                },
              ],
            ]
          }
        >
          Secure them in a safe place. Store them offline at a place only you have access. Keep them private and do not share it with anyone.
        </Text>
      </View>
      <View
        style={
          Object {
            "alignItems": "flex-start",
            "flexDirection": "row",
            "marginTop": 12,
          }
        }
      >
        <View
          accessibilityRole="checkbox"
          accessibilityState={
            Object {
              "checked": false,
              "disabled": undefined,
            }
          }
          accessible={true}
          collapsable={false}
          focusable={true}
          onBlur={[Function]}
          onClick={[Function]}
          onFocus={[Function]}
          onResponderGrant={[Function]}
          onResponderMove={[Function]}
          onResponderRelease={[Function]}
          onResponderTerminate={[Function]}
          onResponderTerminationRequest={[Function]}
          onStartShouldSetResponder={[Function]}
          style={
            Array [
              Object {
                "borderColor": "#657786",
                "borderRadius": 2,
                "borderWidth": 2,
                "height": 20,
                "width": 20,
              },
              Object {
                "borderBottomLeftRadius": 4,
                "borderBottomRightRadius": 4,
                "borderTopLeftRadius": 4,
                "borderTopRightRadius": 4,
                "height": 24,
                "marginTop": 4,
                "width": 24,
              },
              false,
              false,
              undefined,
              false,
            ]
          }
        />
        <Text
          style={
            Array [
              Object {
                "fontFamily": "RegularFont",
                "fontSize": 16,
                "fontWeight": "400",
                "lineHeight": 24,
              },
              Array [
                Object {
                  "fontSize": 12,
                  "lineHeight": 16,
                  "marginLeft": 16,
                },
                Object {
                  "color": "rgba(43, 43, 43, 1)",
                },
              ],
            ]
          }
        >
          I understand it is my responsibility to keep my recovery words secure. Losing them will result in the irrecoverable loss of access to my wallet funds.
        </Text>
      </View>
      <View
        accessibilityState={
          Object {
            "disabled": true,
          }
        }
        accessible={true}
        collapsable={false}
        focusable={true}
        onClick={[Function]}
        onResponderGrant={[Function]}
        onResponderMove={[Function]}
        onResponderRelease={[Function]}
        onResponderTerminate={[Function]}
        onResponderTerminationRequest={[Function]}
        onStartShouldSetResponder={[Function]}
        style={
          Object {
            "backgroundColor": "rgba(166, 166, 166, 1)",
            "borderBottomLeftRadius": 24,
            "borderBottomRightRadius": 24,
            "borderTopLeftRadius": 24,
            "borderTopRightRadius": 24,
            "flexDirection": "row",
            "justifyContent": "center",
            "marginLeft": 16,
            "marginRight": 16,
            "marginTop": 48,
            "opacity": 1,
            "paddingBottom": 14,
            "paddingLeft": 14,
            "paddingRight": 14,
            "paddingTop": 14,
          }
        }
        testID="create_recovery_words_button"
      >
        <Text
          style={
            Array [
              Object {
                "fontFamily": "RegularFont",
                "fontSize": 16,
                "fontWeight": "400",
                "lineHeight": 24,
              },
              Object {
                "color": "rgba(242, 242, 242, 1)",
                "fontFamily": "BoldFont",
                "fontWeight": "700",
                "textAlign": "center",
              },
            ]
          }
        >
          Create wallet
        </Text>
      </View>
    </View>
  </View>
</RCTScrollView>
`;
