// Jest Snapshot v1, https://goo.gl/fbAQLP

exports[`receive page should match snapshot 1`] = `
<RCTScrollView
  style={
    Array [
      Object {
        "paddingBottom": 16,
        "paddingLeft": 24,
        "paddingRight": 24,
        "paddingTop": 8,
      },
      Object {
        "backgroundColor": "rgba(242, 242, 242, 1)",
      },
    ]
  }
  testID="receive_screen"
>
  <View>
    <Text
      style={
        Array [
          Object {
            "fontFamily": "RegularFont",
            "fontSize": 16,
            "fontWeight": "400",
            "lineHeight": 24,
          },
          Array [
            Object {
              "fontFamily": "SoraRegular",
              "fontSize": 16,
              "fontWeight": "400",
              "lineHeight": 24,
              "paddingBottom": 16,
              "paddingLeft": 32,
              "paddingRight": 32,
              "paddingTop": 16,
              "textAlign": "center",
            },
            Object {
              "color": "rgba(18, 18, 18, 1)",
            },
          ],
        ]
      }
    >
      Use QR or Wallet address to receive any tokens (DST) or DFI
    </Text>
    <View
      style={
        Object {
          "alignItems": "center",
          "marginBottom": 8,
          "marginLeft": 8,
          "marginRight": 8,
          "marginTop": 8,
        }
      }
      testID="qr_code_container"
    >
      <View
        style={
          Object {
            "backgroundColor": "rgba(255, 255, 255, 1)",
            "borderBottomLeftRadius": 6,
            "borderBottomRightRadius": 6,
            "borderTopLeftRadius": 6,
            "borderTopRightRadius": 6,
            "paddingBottom": 16,
            "paddingLeft": 16,
            "paddingRight": 16,
            "paddingTop": 16,
          }
        }
      >
        <RNSVGSvgView
          align="xMidYMid"
          bbHeight={196}
          bbWidth={196}
          focusable={false}
          height={196}
          meetOrSlice={0}
          minX={0}
          minY={0}
          style={
            Array [
              Object {
                "backgroundColor": "transparent",
                "borderWidth": 0,
              },
              Object {
                "flex": 0,
                "height": 196,
                "width": 196,
              },
            ]
          }
          vbHeight={196}
          vbWidth={196}
          width={196}
        >
          <RNSVGGroup>
            <RNSVGDefs>
              <RNSVGLinearGradient
                gradient={
                  Array [
                    0,
                    -65536,
                    1,
                    -16711681,
                  ]
                }
                gradientTransform={null}
                gradientUnits={0}
                name="grad"
                x1="0%"
                x2="100%"
                y1="0%"
                y2="100%"
              />
            </RNSVGDefs>
            <RNSVGGroup>
              <RNSVGRect
                fill={4294967295}
                height={196}
                propList={
                  Array [
                    "fill",
                  ]
                }
                width={196}
                x={-0}
                y={-0}
              />
            </RNSVGGroup>
            <RNSVGGroup>
              <RNSVGPath
                d="M0 2.9696969696969697 L41.57575757575758 2.9696969696969697 M59.39393939393939 2.9696969696969697 L71.27272727272728 2.9696969696969697 M77.21212121212122 2.9696969696969697 L89.0909090909091 2.9696969696969697 M100.96969696969697 2.9696969696969697 L106.9090909090909 2.9696969696969697 M112.84848484848484 2.9696969696969697 L124.72727272727273 2.9696969696969697 M130.66666666666666 2.9696969696969697 L148.4848484848485 2.9696969696969697 M154.42424242424244 2.9696969696969697 L196 2.9696969696969697 M0 8.90909090909091 L5.9393939393939394 8.90909090909091 M35.63636363636364 8.90909090909091 L41.57575757575758 8.90909090909091 M65.33333333333333 8.90909090909091 L71.27272727272728 8.90909090909091 M77.21212121212122 8.90909090909091 L106.9090909090909 8.90909090909091 M130.66666666666666 8.90909090909091 L136.6060606060606 8.90909090909091 M142.54545454545456 8.90909090909091 L148.4848484848485 8.90909090909091 M154.42424242424244 8.90909090909091 L160.36363636363637 8.90909090909091 M190.06060606060606 8.90909090909091 L196 8.90909090909091 M0 14.848484848484848 L5.9393939393939394 14.848484848484848 M11.878787878787879 14.848484848484848 L29.696969696969695 14.848484848484848 M35.63636363636364 14.848484848484848 L41.57575757575758 14.848484848484848 M47.515151515151516 14.848484848484848 L65.33333333333333 14.848484848484848 M77.21212121212122 14.848484848484848 L83.15151515151516 14.848484848484848 M95.03030303030303 14.848484848484848 L112.84848484848484 14.848484848484848 M154.42424242424244 14.848484848484848 L160.36363636363637 14.848484848484848 M166.3030303030303 14.848484848484848 L184.12121212121212 14.848484848484848 M190.06060606060606 14.848484848484848 L196 14.848484848484848 M0 20.78787878787879 L5.9393939393939394 20.78787878787879 M11.878787878787879 20.78787878787879 L29.696969696969695 20.78787878787879 M35.63636363636364 20.78787878787879 L41.57575757575758 20.78787878787879 M47.515151515151516 20.78787878787879 L65.33333333333333 20.78787878787879 M71.27272727272728 20.78787878787879 L77.21212121212122 20.78787878787879 M83.15151515151516 20.78787878787879 L100.96969696969697 20.78787878787879 M112.84848484848484 20.78787878787879 L136.6060606060606 20.78787878787879 M142.54545454545456 20.78787878787879 L148.4848484848485 20.78787878787879 M154.42424242424244 20.78787878787879 L160.36363636363637 20.78787878787879 M166.3030303030303 20.78787878787879 L184.12121212121212 20.78787878787879 M190.06060606060606 20.78787878787879 L196 20.78787878787879 M0 26.727272727272727 L5.9393939393939394 26.727272727272727 M11.878787878787879 26.727272727272727 L29.696969696969695 26.727272727272727 M35.63636363636364 26.727272727272727 L41.57575757575758 26.727272727272727 M47.515151515151516 26.727272727272727 L53.45454545454545 26.727272727272727 M59.39393939393939 26.727272727272727 L77.21212121212122 26.727272727272727 M89.0909090909091 26.727272727272727 L95.03030303030303 26.727272727272727 M106.9090909090909 26.727272727272727 L112.84848484848484 26.727272727272727 M124.72727272727273 26.727272727272727 L130.66666666666666 26.727272727272727 M142.54545454545456 26.727272727272727 L148.4848484848485 26.727272727272727 M154.42424242424244 26.727272727272727 L160.36363636363637 26.727272727272727 M166.3030303030303 26.727272727272727 L184.12121212121212 26.727272727272727 M190.06060606060606 26.727272727272727 L196 26.727272727272727 M0 32.666666666666664 L5.9393939393939394 32.666666666666664 M35.63636363636364 32.666666666666664 L41.57575757575758 32.666666666666664 M47.515151515151516 32.666666666666664 L83.15151515151516 32.666666666666664 M89.0909090909091 32.666666666666664 L112.84848484848484 32.666666666666664 M118.78787878787878 32.666666666666664 L124.72727272727273 32.666666666666664 M130.66666666666666 32.666666666666664 L136.6060606060606 32.666666666666664 M142.54545454545456 32.666666666666664 L148.4848484848485 32.666666666666664 M154.42424242424244 32.666666666666664 L160.36363636363637 32.666666666666664 M190.06060606060606 32.666666666666664 L196 32.666666666666664 M0 38.60606060606061 L41.57575757575758 38.60606060606061 M47.515151515151516 38.60606060606061 L53.45454545454545 38.60606060606061 M59.39393939393939 38.60606060606061 L65.33333333333333 38.60606060606061 M71.27272727272728 38.60606060606061 L77.21212121212122 38.60606060606061 M83.15151515151516 38.60606060606061 L89.0909090909091 38.60606060606061 M95.03030303030303 38.60606060606061 L100.96969696969697 38.60606060606061 M106.9090909090909 38.60606060606061 L112.84848484848484 38.60606060606061 M118.78787878787878 38.60606060606061 L124.72727272727273 38.60606060606061 M130.66666666666666 38.60606060606061 L136.6060606060606 38.60606060606061 M142.54545454545456 38.60606060606061 L148.4848484848485 38.60606060606061 M154.42424242424244 38.60606060606061 L196 38.60606060606061 M47.515151515151516 44.54545454545455 L65.33333333333333 44.54545454545455 M71.27272727272728 44.54545454545455 L77.21212121212122 44.54545454545455 M83.15151515151516 44.54545454545455 L95.03030303030303 44.54545454545455 M106.9090909090909 44.54545454545455 L112.84848484848484 44.54545454545455 M124.72727272727273 44.54545454545455 L136.6060606060606 44.54545454545455 M0 50.484848484848484 L5.9393939393939394 50.484848484848484 M11.878787878787879 50.484848484848484 L41.57575757575758 50.484848484848484 M65.33333333333333 50.484848484848484 L71.27272727272728 50.484848484848484 M77.21212121212122 50.484848484848484 L106.9090909090909 50.484848484848484 M130.66666666666666 50.484848484848484 L136.6060606060606 50.484848484848484 M154.42424242424244 50.484848484848484 L184.12121212121212 50.484848484848484 M0 56.42424242424242 L11.878787878787879 56.42424242424242 M23.757575757575758 56.42424242424242 L35.63636363636364 56.42424242424242 M53.45454545454545 56.42424242424242 L59.39393939393939 56.42424242424242 M71.27272727272728 56.42424242424242 L77.21212121212122 56.42424242424242 M112.84848484848484 56.42424242424242 L148.4848484848485 56.42424242424242 M154.42424242424244 56.42424242424242 L160.36363636363637 56.42424242424242 M178.1818181818182 56.42424242424242 L184.12121212121212 56.42424242424242 M190.06060606060606 56.42424242424242 L196 56.42424242424242 M11.878787878787879 62.36363636363636 L23.757575757575758 62.36363636363636 M35.63636363636364 62.36363636363636 L47.515151515151516 62.36363636363636 M59.39393939393939 62.36363636363636 L71.27272727272728 62.36363636363636 M89.0909090909091 62.36363636363636 L95.03030303030303 62.36363636363636 M106.9090909090909 62.36363636363636 L112.84848484848484 62.36363636363636 M124.72727272727273 62.36363636363636 L130.66666666666666 62.36363636363636 M142.54545454545456 62.36363636363636 L148.4848484848485 62.36363636363636 M160.36363636363637 62.36363636363636 L178.1818181818182 62.36363636363636 M184.12121212121212 62.36363636363636 L190.06060606060606 62.36363636363636 M5.9393939393939394 68.3030303030303 L11.878787878787879 68.3030303030303 M17.81818181818182 68.3030303030303 L23.757575757575758 68.3030303030303 M29.696969696969695 68.3030303030303 L35.63636363636364 68.3030303030303 M41.57575757575758 68.3030303030303 L53.45454545454545 68.3030303030303 M59.39393939393939 68.3030303030303 L65.33333333333333 68.3030303030303 M71.27272727272728 68.3030303030303 L77.21212121212122 68.3030303030303 M83.15151515151516 68.3030303030303 L95.03030303030303 68.3030303030303 M112.84848484848484 68.3030303030303 L118.78787878787878 68.3030303030303 M124.72727272727273 68.3030303030303 L136.6060606060606 68.3030303030303 M142.54545454545456 68.3030303030303 L160.36363636363637 68.3030303030303 M172.24242424242425 68.3030303030303 L184.12121212121212 68.3030303030303 M190.06060606060606 68.3030303030303 L196 68.3030303030303 M0 74.24242424242425 L5.9393939393939394 74.24242424242425 M11.878787878787879 74.24242424242425 L47.515151515151516 74.24242424242425 M53.45454545454545 74.24242424242425 L59.39393939393939 74.24242424242425 M65.33333333333333 74.24242424242425 L71.27272727272728 74.24242424242425 M106.9090909090909 74.24242424242425 L118.78787878787878 74.24242424242425 M124.72727272727273 74.24242424242425 L130.66666666666666 74.24242424242425 M136.6060606060606 74.24242424242425 L148.4848484848485 74.24242424242425 M160.36363636363637 74.24242424242425 L178.1818181818182 74.24242424242425 M190.06060606060606 74.24242424242425 L196 74.24242424242425 M11.878787878787879 80.18181818181819 L17.81818181818182 80.18181818181819 M29.696969696969695 80.18181818181819 L35.63636363636364 80.18181818181819 M41.57575757575758 80.18181818181819 L47.515151515151516 80.18181818181819 M59.39393939393939 80.18181818181819 L71.27272727272728 80.18181818181819 M77.21212121212122 80.18181818181819 L100.96969696969697 80.18181818181819 M118.78787878787878 80.18181818181819 L124.72727272727273 80.18181818181819 M130.66666666666666 80.18181818181819 L142.54545454545456 80.18181818181819 M148.4848484848485 80.18181818181819 L160.36363636363637 80.18181818181819 M172.24242424242425 80.18181818181819 L184.12121212121212 80.18181818181819 M190.06060606060606 80.18181818181819 L196 80.18181818181819 M23.757575757575758 86.12121212121212 L29.696969696969695 86.12121212121212 M35.63636363636364 86.12121212121212 L59.39393939393939 86.12121212121212 M65.33333333333333 86.12121212121212 L83.15151515151516 86.12121212121212 M112.84848484848484 86.12121212121212 L118.78787878787878 86.12121212121212 M124.72727272727273 86.12121212121212 L130.66666666666666 86.12121212121212 M148.4848484848485 86.12121212121212 L160.36363636363637 86.12121212121212 M172.24242424242425 86.12121212121212 L178.1818181818182 86.12121212121212 M184.12121212121212 86.12121212121212 L190.06060606060606 86.12121212121212 M17.81818181818182 92.06060606060606 L23.757575757575758 92.06060606060606 M29.696969696969695 92.06060606060606 L35.63636363636364 92.06060606060606 M53.45454545454545 92.06060606060606 L59.39393939393939 92.06060606060606 M65.33333333333333 92.06060606060606 L71.27272727272728 92.06060606060606 M77.21212121212122 92.06060606060606 L83.15151515151516 92.06060606060606 M95.03030303030303 92.06060606060606 L100.96969696969697 92.06060606060606 M106.9090909090909 92.06060606060606 L142.54545454545456 92.06060606060606 M154.42424242424244 92.06060606060606 L166.3030303030303 92.06060606060606 M178.1818181818182 92.06060606060606 L184.12121212121212 92.06060606060606 M190.06060606060606 92.06060606060606 L196 92.06060606060606 M0 98 L5.9393939393939394 98 M17.81818181818182 98 L23.757575757575758 98 M29.696969696969695 98 L41.57575757575758 98 M53.45454545454545 98 L65.33333333333333 98 M71.27272727272728 98 L77.21212121212122 98 M100.96969696969697 98 L106.9090909090909 98 M112.84848484848484 98 L118.78787878787878 98 M130.66666666666666 98 L136.6060606060606 98 M142.54545454545456 98 L154.42424242424244 98 M166.3030303030303 98 L178.1818181818182 98 M0 103.93939393939394 L5.9393939393939394 103.93939393939394 M11.878787878787879 103.93939393939394 L29.696969696969695 103.93939393939394 M59.39393939393939 103.93939393939394 L71.27272727272728 103.93939393939394 M83.15151515151516 103.93939393939394 L89.0909090909091 103.93939393939394 M95.03030303030303 103.93939393939394 L124.72727272727273 103.93939393939394 M136.6060606060606 103.93939393939394 L142.54545454545456 103.93939393939394 M148.4848484848485 103.93939393939394 L166.3030303030303 103.93939393939394 M178.1818181818182 103.93939393939394 L184.12121212121212 103.93939393939394 M190.06060606060606 103.93939393939394 L196 103.93939393939394 M0 109.87878787878788 L11.878787878787879 109.87878787878788 M17.81818181818182 109.87878787878788 L29.696969696969695 109.87878787878788 M35.63636363636364 109.87878787878788 L53.45454545454545 109.87878787878788 M59.39393939393939 109.87878787878788 L71.27272727272728 109.87878787878788 M83.15151515151516 109.87878787878788 L106.9090909090909 109.87878787878788 M130.66666666666666 109.87878787878788 L136.6060606060606 109.87878787878788 M142.54545454545456 109.87878787878788 L148.4848484848485 109.87878787878788 M154.42424242424244 109.87878787878788 L160.36363636363637 109.87878787878788 M184.12121212121212 109.87878787878788 L190.06060606060606 109.87878787878788 M0 115.81818181818181 L5.9393939393939394 115.81818181818181 M11.878787878787879 115.81818181818181 L23.757575757575758 115.81818181818181 M59.39393939393939 115.81818181818181 L71.27272727272728 115.81818181818181 M77.21212121212122 115.81818181818181 L124.72727272727273 115.81818181818181 M136.6060606060606 115.81818181818181 L142.54545454545456 115.81818181818181 M160.36363636363637 115.81818181818181 L166.3030303030303 115.81818181818181 M172.24242424242425 115.81818181818181 L196 115.81818181818181 M11.878787878787879 121.75757575757575 L41.57575757575758 121.75757575757575 M47.515151515151516 121.75757575757575 L65.33333333333333 121.75757575757575 M71.27272727272728 121.75757575757575 L83.15151515151516 121.75757575757575 M89.0909090909091 121.75757575757575 L100.96969696969697 121.75757575757575 M112.84848484848484 121.75757575757575 L136.6060606060606 121.75757575757575 M148.4848484848485 121.75757575757575 L154.42424242424244 121.75757575757575 M160.36363636363637 121.75757575757575 L178.1818181818182 121.75757575757575 M184.12121212121212 121.75757575757575 L190.06060606060606 121.75757575757575 M0 127.6969696969697 L5.9393939393939394 127.6969696969697 M17.81818181818182 127.6969696969697 L23.757575757575758 127.6969696969697 M29.696969696969695 127.6969696969697 L35.63636363636364 127.6969696969697 M41.57575757575758 127.6969696969697 L59.39393939393939 127.6969696969697 M89.0909090909091 127.6969696969697 L95.03030303030303 127.6969696969697 M106.9090909090909 127.6969696969697 L112.84848484848484 127.6969696969697 M136.6060606060606 127.6969696969697 L160.36363636363637 127.6969696969697 M178.1818181818182 127.6969696969697 L184.12121212121212 127.6969696969697 M190.06060606060606 127.6969696969697 L196 127.6969696969697 M0 133.63636363636363 L5.9393939393939394 133.63636363636363 M11.878787878787879 133.63636363636363 L23.757575757575758 133.63636363636363 M29.696969696969695 133.63636363636363 L47.515151515151516 133.63636363636363 M53.45454545454545 133.63636363636363 L59.39393939393939 133.63636363636363 M65.33333333333333 133.63636363636363 L77.21212121212122 133.63636363636363 M89.0909090909091 133.63636363636363 L106.9090909090909 133.63636363636363 M118.78787878787878 133.63636363636363 L124.72727272727273 133.63636363636363 M142.54545454545456 133.63636363636363 L148.4848484848485 133.63636363636363 M172.24242424242425 133.63636363636363 L178.1818181818182 133.63636363636363 M184.12121212121212 133.63636363636363 L190.06060606060606 133.63636363636363 M0 139.57575757575756 L5.9393939393939394 139.57575757575756 M29.696969696969695 139.57575757575756 L35.63636363636364 139.57575757575756 M47.515151515151516 139.57575757575756 L53.45454545454545 139.57575757575756 M65.33333333333333 139.57575757575756 L77.21212121212122 139.57575757575756 M83.15151515151516 139.57575757575756 L95.03030303030303 139.57575757575756 M106.9090909090909 139.57575757575756 L112.84848484848484 139.57575757575756 M124.72727272727273 139.57575757575756 L136.6060606060606 139.57575757575756 M142.54545454545456 139.57575757575756 L148.4848484848485 139.57575757575756 M160.36363636363637 139.57575757575756 L172.24242424242425 139.57575757575756 M178.1818181818182 139.57575757575756 L184.12121212121212 139.57575757575756 M0 145.51515151515153 L5.9393939393939394 145.51515151515153 M17.81818181818182 145.51515151515153 L29.696969696969695 145.51515151515153 M35.63636363636364 145.51515151515153 L53.45454545454545 145.51515151515153 M65.33333333333333 145.51515151515153 L83.15151515151516 145.51515151515153 M89.0909090909091 145.51515151515153 L106.9090909090909 145.51515151515153 M130.66666666666666 145.51515151515153 L136.6060606060606 145.51515151515153 M142.54545454545456 145.51515151515153 L178.1818181818182 145.51515151515153 M184.12121212121212 145.51515151515153 L196 145.51515151515153 M47.515151515151516 151.45454545454547 L65.33333333333333 151.45454545454547 M71.27272727272728 151.45454545454547 L77.21212121212122 151.45454545454547 M95.03030303030303 151.45454545454547 L100.96969696969697 151.45454545454547 M112.84848484848484 151.45454545454547 L130.66666666666666 151.45454545454547 M142.54545454545456 151.45454545454547 L148.4848484848485 151.45454545454547 M166.3030303030303 151.45454545454547 L184.12121212121212 151.45454545454547 M190.06060606060606 151.45454545454547 L196 151.45454545454547 M0 157.3939393939394 L41.57575757575758 157.3939393939394 M65.33333333333333 157.3939393939394 L95.03030303030303 157.3939393939394 M106.9090909090909 157.3939393939394 L112.84848484848484 157.3939393939394 M124.72727272727273 157.3939393939394 L130.66666666666666 157.3939393939394 M136.6060606060606 157.3939393939394 L148.4848484848485 157.3939393939394 M154.42424242424244 157.3939393939394 L160.36363636363637 157.3939393939394 M166.3030303030303 157.3939393939394 L172.24242424242425 157.3939393939394 M178.1818181818182 157.3939393939394 L190.06060606060606 157.3939393939394 M0 163.33333333333334 L5.9393939393939394 163.33333333333334 M35.63636363636364 163.33333333333334 L41.57575757575758 163.33333333333334 M47.515151515151516 163.33333333333334 L77.21212121212122 163.33333333333334 M89.0909090909091 163.33333333333334 L100.96969696969697 163.33333333333334 M112.84848484848484 163.33333333333334 L118.78787878787878 163.33333333333334 M124.72727272727273 163.33333333333334 L148.4848484848485 163.33333333333334 M166.3030303030303 163.33333333333334 L172.24242424242425 163.33333333333334 M178.1818181818182 163.33333333333334 L196 163.33333333333334 M0 169.27272727272728 L5.9393939393939394 169.27272727272728 M11.878787878787879 169.27272727272728 L29.696969696969695 169.27272727272728 M35.63636363636364 169.27272727272728 L41.57575757575758 169.27272727272728 M47.515151515151516 169.27272727272728 L59.39393939393939 169.27272727272728 M65.33333333333333 169.27272727272728 L95.03030303030303 169.27272727272728 M106.9090909090909 169.27272727272728 L118.78787878787878 169.27272727272728 M124.72727272727273 169.27272727272728 L130.66666666666666 169.27272727272728 M142.54545454545456 169.27272727272728 L178.1818181818182 169.27272727272728 M0 175.21212121212122 L5.9393939393939394 175.21212121212122 M11.878787878787879 175.21212121212122 L29.696969696969695 175.21212121212122 M35.63636363636364 175.21212121212122 L41.57575757575758 175.21212121212122 M47.515151515151516 175.21212121212122 L77.21212121212122 175.21212121212122 M83.15151515151516 175.21212121212122 L100.96969696969697 175.21212121212122 M118.78787878787878 175.21212121212122 L124.72727272727273 175.21212121212122 M130.66666666666666 175.21212121212122 L136.6060606060606 175.21212121212122 M142.54545454545456 175.21212121212122 L148.4848484848485 175.21212121212122 M166.3030303030303 175.21212121212122 L172.24242424242425 175.21212121212122 M178.1818181818182 175.21212121212122 L184.12121212121212 175.21212121212122 M190.06060606060606 175.21212121212122 L196 175.21212121212122 M0 181.15151515151516 L5.9393939393939394 181.15151515151516 M11.878787878787879 181.15151515151516 L29.696969696969695 181.15151515151516 M35.63636363636364 181.15151515151516 L41.57575757575758 181.15151515151516 M47.515151515151516 181.15151515151516 L53.45454545454545 181.15151515151516 M65.33333333333333 181.15151515151516 L77.21212121212122 181.15151515151516 M100.96969696969697 181.15151515151516 L106.9090909090909 181.15151515151516 M112.84848484848484 181.15151515151516 L118.78787878787878 181.15151515151516 M124.72727272727273 181.15151515151516 L130.66666666666666 181.15151515151516 M142.54545454545456 181.15151515151516 L160.36363636363637 181.15151515151516 M0 187.0909090909091 L5.9393939393939394 187.0909090909091 M35.63636363636364 187.0909090909091 L41.57575757575758 187.0909090909091 M71.27272727272728 187.0909090909091 L89.0909090909091 187.0909090909091 M95.03030303030303 187.0909090909091 L100.96969696969697 187.0909090909091 M106.9090909090909 187.0909090909091 L130.66666666666666 187.0909090909091 M136.6060606060606 187.0909090909091 L142.54545454545456 187.0909090909091 M148.4848484848485 187.0909090909091 L154.42424242424244 187.0909090909091 M172.24242424242425 187.0909090909091 L184.12121212121212 187.0909090909091 M0 193.03030303030303 L41.57575757575758 193.03030303030303 M47.515151515151516 193.03030303030303 L59.39393939393939 193.03030303030303 M65.33333333333333 193.03030303030303 L71.27272727272728 193.03030303030303 M77.21212121212122 193.03030303030303 L89.0909090909091 193.03030303030303 M100.96969696969697 193.03030303030303 L106.9090909090909 193.03030303030303 M112.84848484848484 193.03030303030303 L124.72727272727273 193.03030303030303 M130.66666666666666 193.03030303030303 L136.6060606060606 193.03030303030303 M142.54545454545456 193.03030303030303 L148.4848484848485 193.03030303030303 M160.36363636363637 193.03030303030303 L166.3030303030303 193.03030303030303 M172.24242424242425 193.03030303030303 L178.1818181818182 193.03030303030303 M184.12121212121212 193.03030303030303 L190.06060606060606 193.03030303030303 "
                propList={
                  Array [
                    "stroke",
                    "strokeWidth",
                    "strokeLinecap",
                  ]
                }
                stroke={4278190080}
                strokeLinecap={0}
                strokeWidth={5.9393939393939394}
              />
            </RNSVGGroup>
          </RNSVGGroup>
        </RNSVGSvgView>
      </View>
    </View>
    <Text
      numberOfLines={2}
      selectable={true}
      style={
        Array [
          Object {
            "fontFamily": "RegularFont",
            "fontSize": 16,
            "fontWeight": "400",
            "lineHeight": 24,
          },
          Array [
            Object {
              "fontFamily": "SoraRegular",
              "fontSize": 12,
              "fontWeight": "400",
              "lineHeight": 16,
              "paddingBottom": 8,
              "paddingLeft": 8,
              "paddingRight": 8,
              "paddingTop": 32,
              "textAlign": "center",
            },
            Object {
              "color": "rgba(115, 115, 115, 1)",
            },
          ],
        ]
      }
      testID="wallet_address"
    >
      WALLET ADDRESS
    </Text>
    <View
      style={
        Object {
          "marginLeft": 28,
          "marginRight": 28,
        }
      }
    >
      <Text
        numberOfLines={2}
        selectable={true}
        style={
          Array [
            Object {
              "fontFamily": "RegularFont",
              "fontSize": 16,
              "fontWeight": "400",
              "lineHeight": 24,
            },
            Array [
              Object {
                "fontFamily": "SoraRegular",
                "fontSize": 14,
                "fontWeight": "400",
                "lineHeight": 20,
                "paddingBottom": 48,
                "paddingLeft": 20,
                "paddingRight": 20,
                "textAlign": "center",
              },
              Object {
                "color": "rgba(18, 18, 18, 1)",
              },
            ],
          ]
        }
        testID="address_text"
      >
        bcrt1q6np0fh47ykhznjhrtfvduh73cgjg32yac8t07d
      </Text>
    </View>
    <View
      accessible={true}
      collapsable={false}
      focusable={true}
      onClick={[Function]}
      onResponderGrant={[Function]}
      onResponderMove={[Function]}
      onResponderRelease={[Function]}
      onResponderTerminate={[Function]}
      onResponderTerminationRequest={[Function]}
      onStartShouldSetResponder={[Function]}
      style={
        Object {
          "opacity": 1,
        }
      }
      testID="copy_button"
    >
      <View
        style={
          Array [
            Object {
              "borderTopLeftRadius": 6,
              "borderTopRightRadius": 6,
            },
            Object {
              "backgroundColor": "rgba(255, 255, 255, 1)",
            },
          ]
        }
      >
        <View
          style={
            Array [
              Object {
                "alignItems": "center",
                "borderBottomWidth": 1,
                "flexDirection": "row",
                "justifyContent": "center",
                "marginLeft": 20,
                "marginRight": 20,
                "paddingBottom": 16,
                "paddingTop": 16,
              },
              Object {
                "borderBottomColor": "rgba(204, 204, 204, 1)",
                "borderLeftColor": "rgba(204, 204, 204, 1)",
                "borderRightColor": "rgba(204, 204, 204, 1)",
                "borderTopColor": "rgba(204, 204, 204, 1)",
              },
            ]
          }
        >
          <Text
            style={
              Array [
                Object {
                  "fontFamily": "RegularFont",
                  "fontSize": 16,
                  "fontWeight": "400",
                  "lineHeight": 24,
                },
                Array [
                  Object {
                    "flexGrow": 1,
                    "fontFamily": "SoraRegular",
                    "fontSize": 14,
                    "fontWeight": "400",
                    "lineHeight": 20,
                  },
                  Object {
                    "color": "rgba(18, 18, 18, 1)",
                  },
                ],
              ]
            }
          >
            Copy
          </Text>
          <Text />
        </View>
      </View>
    </View>
    <View
      accessible={true}
      collapsable={false}
      focusable={true}
      onClick={[Function]}
      onResponderGrant={[Function]}
      onResponderMove={[Function]}
      onResponderRelease={[Function]}
      onResponderTerminate={[Function]}
      onResponderTerminationRequest={[Function]}
      onStartShouldSetResponder={[Function]}
      style={
        Object {
          "opacity": 1,
        }
      }
      testID="share_button"
    >
      <View
        style={
          Array [
            Object {
              "borderBottomLeftRadius": 6,
              "borderBottomRightRadius": 6,
            },
            Object {
              "backgroundColor": "rgba(255, 255, 255, 1)",
            },
          ]
        }
      >
        <View
          style={
            Array [
              Object {
                "alignItems": "center",
                "flexDirection": "row",
                "justifyContent": "center",
                "marginLeft": 20,
                "marginRight": 20,
                "paddingBottom": 16,
                "paddingTop": 16,
              },
              Object {
                "borderBottomColor": "rgba(204, 204, 204, 1)",
                "borderLeftColor": "rgba(204, 204, 204, 1)",
                "borderRightColor": "rgba(204, 204, 204, 1)",
                "borderTopColor": "rgba(204, 204, 204, 1)",
              },
            ]
          }
        >
          <Text
            style={
              Array [
                Object {
                  "fontFamily": "RegularFont",
                  "fontSize": 16,
                  "fontWeight": "400",
                  "lineHeight": 24,
                },
                Array [
                  Object {
                    "flexGrow": 1,
                    "fontFamily": "SoraRegular",
                    "fontSize": 14,
                    "fontWeight": "400",
                    "lineHeight": 20,
                  },
                  Object {
                    "color": "rgba(18, 18, 18, 1)",
                  },
                ],
              ]
            }
          >
            Share
          </Text>
          <Text />
        </View>
      </View>
    </View>
  </View>
</RCTScrollView>
`;
