// Jest Snapshot v1, https://goo.gl/fbAQLP

exports[`Tokens vs Utxo FAQ screen should match snapshot 1`] = `
<RCTScrollView
  contentContainerStyle={{}}
  style={
    [
      {},
      {},
    ]
  }
  testID="utxo_vs_token_faq"
>
  <View>
    <Text
      style={
        [
          {},
          [
            {},
            {},
          ],
        ]
      }
    >
      DFI exists in two forms: UTXO and Token. They can be converted with one another to serve different use cases within your light wallet.
    </Text>
    <RCTScrollView
      style={
        [
          undefined,
          {},
        ]
      }
      testID="loans_faq_accordion"
    >
      <View>
        <Text
          style={
            [
              {},
              [
                {},
                {},
              ],
            ]
          }
          text="FREQUENTLY ASKED QUESTIONS"
        >
          FREQUENTLY ASKED QUESTIONS
        </Text>
        <View
          style={
            [
              {},
              {},
            ]
          }
        >
          <View
            style={{}}
          >
            <View
              accessibilityState={
                {
                  "expanded": false,
                }
              }
              accessible={true}
              focusable={true}
              onClick={[Function]}
              onResponderGrant={[Function]}
              onResponderMove={[Function]}
              onResponderRelease={[Function]}
              onResponderTerminate={[Function]}
              onResponderTerminationRequest={[Function]}
              onStartShouldSetResponder={[Function]}
            >
              <View
                style={
                  [
                    [
                      {},
                      {},
                      false,
                    ],
                    {},
                  ]
                }
              >
                <Text
                  style={
                    [
                      {},
                      [
                        {},
                        {},
                      ],
                    ]
                  }
                >
                  What are UTXOs?
                </Text>
                <Text />
              </View>
            </View>
            <View
              collapsable={false}
              pointerEvents="none"
              style={
                {
                  "height": 0,
                  "overflow": "hidden",
                }
              }
            >
              <View
                collapsable={false}
                forwardedRef={[Function]}
                onLayout={[Function]}
                style={{}}
              >
                <View
                  style={
                    [
                      [
                        {},
                        false,
                      ],
                      {},
                    ]
                  }
                >
                  <View
                    style={{}}
                  >
                    <Text
                      style={
                        [
                          {},
                          [
                            {},
                            {},
                          ],
                        ]
                      }
                    >
                      DFI in UTXO form is the primary form of DFI. It is used for core cryptocurrency purposes such as send, receive and fees.
                    </Text>
                  </View>
                </View>
              </View>
            </View>
          </View>
          <View
            style={{}}
          >
            <View
              accessibilityState={
                {
                  "expanded": false,
                }
              }
              accessible={true}
              focusable={true}
              onClick={[Function]}
              onResponderGrant={[Function]}
              onResponderMove={[Function]}
              onResponderRelease={[Function]}
              onResponderTerminate={[Function]}
              onResponderTerminationRequest={[Function]}
              onStartShouldSetResponder={[Function]}
            >
              <View
                style={
                  [
                    [
                      {},
                      {},
                      false,
                    ],
                    {},
                  ]
                }
              >
                <Text
                  style={
                    [
                      {},
                      [
                        {},
                        {},
                      ],
                    ]
                  }
                >
                  What are the use cases for UTXO?
                </Text>
                <Text />
              </View>
            </View>
            <View
              collapsable={false}
              pointerEvents="none"
              style={
                {
                  "height": 0,
                  "overflow": "hidden",
                }
              }
            >
              <View
                collapsable={false}
                forwardedRef={[Function]}
                onLayout={[Function]}
                style={{}}
              >
                <View
                  style={
                    [
                      [
                        {},
                        false,
                      ],
                      {},
                    ]
                  }
                >
                  <View
                    style={{}}
                  >
                    <Text
                      style={
                        [
                          {},
                          [
                            {},
                            {},
                          ],
                        ]
                      }
                    >
                      Use cases for UTXO include (but not limited) to the following:
                    </Text>
                  </View>
                  <View
                    style={{}}
                  >
                    <Text
                      style={
                        [
                          {},
                          [
                            {},
                            {},
                          ],
                        ]
                      }
                    >
                      •
                    </Text>
                    <Text
                      style={
                        [
                          {},
                          [
                            {},
                            {},
                          ],
                        ]
                      }
                    >
                      Sending DFI to other wallets
                    </Text>
                  </View>
                  <View
                    style={{}}
                  >
                    <Text
                      style={
                        [
                          {},
                          [
                            {},
                            {},
                          ],
                        ]
                      }
                    >
                      •
                    </Text>
                    <Text
                      style={
                        [
                          {},
                          [
                            {},
                            {},
                          ],
                        ]
                      }
                    >
                      Receiving DFI from other wallets
                    </Text>
                  </View>
                  <View
                    style={{}}
                  >
                    <Text
                      style={
                        [
                          {},
                          [
                            {},
                            {},
                          ],
                        ]
                      }
                    >
                      •
                    </Text>
                    <Text
                      style={
                        [
                          {},
                          [
                            {},
                            {},
                          ],
                        ]
                      }
                    >
                      Transaction fees
                    </Text>
                  </View>
                </View>
              </View>
            </View>
          </View>
          <View
            style={{}}
          >
            <View
              accessibilityState={
                {
                  "expanded": false,
                }
              }
              accessible={true}
              focusable={true}
              onClick={[Function]}
              onResponderGrant={[Function]}
              onResponderMove={[Function]}
              onResponderRelease={[Function]}
              onResponderTerminate={[Function]}
              onResponderTerminationRequest={[Function]}
              onStartShouldSetResponder={[Function]}
            >
              <View
                style={
                  [
                    [
                      {},
                      {},
                      false,
                    ],
                    {},
                  ]
                }
              >
                <Text
                  style={
                    [
                      {},
                      [
                        {},
                        {},
                      ],
                    ]
                  }
                >
                  What are Tokens?
                </Text>
                <Text />
              </View>
            </View>
            <View
              collapsable={false}
              pointerEvents="none"
              style={
                {
                  "height": 0,
                  "overflow": "hidden",
                }
              }
            >
              <View
                collapsable={false}
                forwardedRef={[Function]}
                onLayout={[Function]}
                style={{}}
              >
                <View
                  style={
                    [
                      [
                        {},
                        false,
                      ],
                      {},
                    ]
                  }
                >
                  <View
                    style={{}}
                  >
                    <Text
                      style={
                        [
                          {},
                          [
                            {},
                            {},
                          ],
                        ]
                      }
                    >
                      DFIs in token form are used for various DeFiChain functions such as Liquidity Pools, Loans, Auctions and DEX swaps.
                    </Text>
                  </View>
                </View>
              </View>
            </View>
          </View>
          <View
            style={{}}
          >
            <View
              accessibilityState={
                {
                  "expanded": false,
                }
              }
              accessible={true}
              focusable={true}
              onClick={[Function]}
              onResponderGrant={[Function]}
              onResponderMove={[Function]}
              onResponderRelease={[Function]}
              onResponderTerminate={[Function]}
              onResponderTerminationRequest={[Function]}
              onStartShouldSetResponder={[Function]}
            >
              <View
                style={
                  [
                    [
                      {},
                      false,
                      false,
                    ],
                    {},
                  ]
                }
              >
                <Text
                  style={
                    [
                      {},
                      [
                        {},
                        {},
                      ],
                    ]
                  }
                >
                  What are the use cases for Tokens?
                </Text>
                <Text />
              </View>
            </View>
            <View
              collapsable={false}
              pointerEvents="none"
              style={
                {
                  "height": 0,
                  "overflow": "hidden",
                }
              }
            >
              <View
                collapsable={false}
                forwardedRef={[Function]}
                onLayout={[Function]}
                style={{}}
              >
                <View
                  style={
                    [
                      [
                        {},
                        false,
                      ],
                      {},
                    ]
                  }
                >
                  <View
                    style={{}}
                  >
                    <Text
                      style={
                        [
                          {},
                          [
                            {},
                            {},
                          ],
                        ]
                      }
                    >
                      Use cases for Tokens include (but not limited) to the following:
                    </Text>
                  </View>
                  <View
                    style={{}}
                  >
                    <Text
                      style={
                        [
                          {},
                          [
                            {},
                            {},
                          ],
                        ]
                      }
                    >
                      •
                    </Text>
                    <Text
                      style={
                        [
                          {},
                          [
                            {},
                            {},
                          ],
                        ]
                      }
                    >
                      Swapping DFI with other tokens (e.g. dBTC, dETH, dUSDT)
                    </Text>
                  </View>
                  <View
                    style={{}}
                  >
                    <Text
                      style={
                        [
                          {},
                          [
                            {},
                            {},
                          ],
                        ]
                      }
                    >
                      •
                    </Text>
                    <Text
                      style={
                        [
                          {},
                          [
                            {},
                            {},
                          ],
                        ]
                      }
                    >
                      Liquidity pools
                    </Text>
                  </View>
                  <View
                    style={{}}
                  >
                    <Text
                      style={
                        [
                          {},
                          [
                            {},
                            {},
                          ],
                        ]
                      }
                    >
                      •
                    </Text>
                    <Text
                      style={
                        [
                          {},
                          [
                            {},
                            {},
                          ],
                        ]
                      }
                    >
                      Collateral for Vaults
                    </Text>
                  </View>
                  <View
                    style={{}}
                  >
                    <Text
                      style={
                        [
                          {},
                          [
                            {},
                            {},
                          ],
                        ]
                      }
                    >
                      •
                    </Text>
                    <Text
                      style={
                        [
                          {},
                          [
                            {},
                            {},
                          ],
                        ]
                      }
                    >
                      Auction bidding
                    </Text>
                  </View>
                </View>
              </View>
            </View>
          </View>
        </View>
      </View>
    </RCTScrollView>
  </View>
</RCTScrollView>
`;
