// Jest Snapshot v1, https://goo.gl/fbAQLP

exports[`tokens vs utxo screen should render 1`] = `
<RCTScrollView
  contentContainerStyle={
    Object {
      "flexGrow": 1,
      "justifyContent": "space-between",
    }
  }
  style={
    Array [
      Object {
        "height": "100%",
      },
      Object {
        "backgroundColor": "rgba(245, 245, 245, 1)",
      },
    ]
  }
  testID="token_vs_utxo_screen"
>
  <View>
    <View
      style={
        Object {
          "borderBottomColor": "rgba(229, 229, 229, 1)",
          "borderBottomWidth": 2,
          "borderLeftColor": "rgba(229, 229, 229, 1)",
          "borderRightColor": "rgba(229, 229, 229, 1)",
          "borderTopColor": "rgba(229, 229, 229, 1)",
          "paddingLeft": 16,
          "paddingRight": 16,
          "paddingTop": 24,
        }
      }
    >
      <Text
        style={
          Array [
            Object {
              "fontFamily": "RegularFont",
              "fontSize": 16,
              "fontWeight": "400",
              "lineHeight": 24,
            },
            Array [
              Object {
                "paddingBottom": 24,
              },
              Object {
                "color": "rgba(0, 0, 0, 1)",
              },
            ],
          ]
        }
      >
        DFI exists in two forms â€“ UTXO and token, which are interchangeable depending on the usage. You can easily convert between the two forms with the app.
      </Text>
      <Text
        style={
          Array [
            Object {
              "fontFamily": "RegularFont",
              "fontSize": 16,
              "fontWeight": "400",
              "lineHeight": 24,
            },
            Array [
              Object {
                "paddingBottom": 24,
              },
              Object {
                "color": "rgba(0, 0, 0, 1)",
              },
            ],
          ]
        }
      >
        UTXO DFI is the main form DFI and is used for core cryptocurrency purposes like send, receive and fees. DFI tokens are used for DeFi functions such as swaps and liquidity mining.
      </Text>
      <Text
        style={
          Array [
            Object {
              "fontFamily": "RegularFont",
              "fontSize": 16,
              "fontWeight": "400",
              "lineHeight": 24,
            },
            Array [
              Object {
                "paddingBottom": 16,
              },
              Object {
                "color": "rgba(0, 0, 0, 1)",
              },
            ],
          ]
        }
      >
        Your DFI balance includes both UTXO and tokens.
      </Text>
    </View>
    <View
      style={
        Object {
          "alignItems": "stretch",
          "alignSelf": "stretch",
          "display": "flex",
          "flexDirection": "row",
          "flexGrow": 1,
        }
      }
    >
      <View
        style={
          Object {
            "borderBottomColor": "rgba(229, 229, 229, 1)",
            "borderLeftColor": "rgba(229, 229, 229, 1)",
            "borderRightColor": "rgba(229, 229, 229, 1)",
            "borderRightWidth": 2,
            "borderTopColor": "rgba(229, 229, 229, 1)",
            "paddingBottom": 20,
            "paddingLeft": 16,
            "paddingRight": 16,
            "paddingTop": 20,
            "width": "50%",
          }
        }
      >
        <View
          style={
            Object {
              "alignItems": "center",
              "display": "flex",
              "flexDirection": "row",
              "paddingBottom": 20,
            }
          }
        >
          <RNSVGSvgView
            bbHeight={32}
            bbWidth={32}
            focusable={false}
            height={32}
            style={
              Array [
                Object {
                  "backgroundColor": "transparent",
                  "borderWidth": 0,
                },
                Object {
                  "marginRight": 8,
                },
                Object {
                  "flex": 0,
                  "height": 32,
                  "width": 32,
                },
              ]
            }
            width={32}
          >
            <RNSVGGroup>
              <RNSVGCircle
                cx={16}
                cy={16}
                fill={4294901935}
                propList={
                  Array [
                    "fill",
                  ]
                }
                r={16}
              />
              <RNSVGPath
                d="M18.217 23.454V8.546c3.21.958 5.555 3.937 5.555 7.454s-2.346 6.496-5.555 7.454M15.994 6v8.428l-1.269-1.27-.162-3.167 1.324-3.985a9.952 9.952 0 00-2.454.338l-.64 1.926-1.816-.91a10.03 10.03 0 00-1.974 1.497l3.363 1.685.098 1.928-1.927-.099L8.85 9.01a10.035 10.035 0 00-1.497 1.973l.911 1.816-1.927.64A9.978 9.978 0 006 15.892l3.986-1.324 3.168.162 1.27 1.27-1.27 1.27-3.168.162L6 16.108c.009.849.13 1.669.338 2.454l1.927.64-.911 1.816c.418.719.92 1.383 1.497 1.973l1.686-3.362 1.927-.099-.098 1.928-3.363 1.685a10.04 10.04 0 001.974 1.498l1.815-.911.64 1.926a9.94 9.94 0 002.455.338l-1.324-3.985.162-3.168 1.27-1.27V26c5.522 0 10-4.477 10-10s-4.478-10-10-10"
                fill={4294967295}
                propList={
                  Array [
                    "fill",
                  ]
                }
              />
            </RNSVGGroup>
          </RNSVGSvgView>
          <Text
            style={
              Array [
                Object {
                  "fontFamily": "RegularFont",
                  "fontSize": 16,
                  "fontWeight": "400",
                  "lineHeight": 24,
                },
                Array [
                  Object {
                    "fontSize": 18,
                    "lineHeight": 28,
                  },
                  Object {
                    "color": "rgba(0, 0, 0, 1)",
                  },
                ],
              ]
            }
          >
            DFI (UTXO)
          </Text>
        </View>
        <View
          style={
            Object {
              "display": "flex",
              "flexDirection": "row",
              "paddingBottom": 8,
            }
          }
        >
          <Text />
          <Text
            style={
              Array [
                Object {
                  "fontFamily": "RegularFont",
                  "fontSize": 16,
                  "fontWeight": "400",
                  "lineHeight": 24,
                },
                Array [
                  Object {
                    "fontFamily": "MediumFont",
                    "fontSize": 14,
                    "fontWeight": "500",
                    "lineHeight": 20,
                  },
                  Object {
                    "color": "rgba(0, 0, 0, 1)",
                  },
                ],
              ]
            }
          >
            Core crypto services
          </Text>
        </View>
        <View
          style={
            Object {
              "display": "flex",
              "flexDirection": "row",
              "paddingBottom": 8,
            }
          }
        >
          <Text />
          <Text
            style={
              Array [
                Object {
                  "fontFamily": "RegularFont",
                  "fontSize": 16,
                  "fontWeight": "400",
                  "lineHeight": 24,
                },
                Array [
                  Object {
                    "fontFamily": "MediumFont",
                    "fontSize": 14,
                    "fontWeight": "500",
                    "lineHeight": 20,
                  },
                  Object {
                    "color": "rgba(0, 0, 0, 1)",
                  },
                ],
              ]
            }
          >
            Send to other wallets
          </Text>
        </View>
        <View
          style={
            Object {
              "display": "flex",
              "flexDirection": "row",
              "paddingBottom": 8,
            }
          }
        >
          <Text />
          <Text
            style={
              Array [
                Object {
                  "fontFamily": "RegularFont",
                  "fontSize": 16,
                  "fontWeight": "400",
                  "lineHeight": 24,
                },
                Array [
                  Object {
                    "fontFamily": "MediumFont",
                    "fontSize": 14,
                    "fontWeight": "500",
                    "lineHeight": 20,
                  },
                  Object {
                    "color": "rgba(0, 0, 0, 1)",
                  },
                ],
              ]
            }
          >
            Receive tokens
          </Text>
        </View>
        <View
          style={
            Object {
              "display": "flex",
              "flexDirection": "row",
              "paddingBottom": 8,
            }
          }
        >
          <Text />
          <Text
            style={
              Array [
                Object {
                  "fontFamily": "RegularFont",
                  "fontSize": 16,
                  "fontWeight": "400",
                  "lineHeight": 24,
                },
                Array [
                  Object {
                    "fontFamily": "MediumFont",
                    "fontSize": 14,
                    "fontWeight": "500",
                    "lineHeight": 20,
                  },
                  Object {
                    "color": "rgba(0, 0, 0, 1)",
                  },
                ],
              ]
            }
          >
            Service fees
          </Text>
        </View>
      </View>
      <View
        style={
          Object {
            "paddingBottom": 20,
            "paddingLeft": 16,
            "paddingRight": 16,
            "paddingTop": 20,
            "width": "50%",
          }
        }
      >
        <View
          style={
            Object {
              "alignItems": "center",
              "display": "flex",
              "flexDirection": "row",
              "paddingBottom": 20,
            }
          }
        >
          <RNSVGSvgView
            bbHeight={32}
            bbWidth={32}
            focusable={false}
            height={32}
            style={
              Array [
                Object {
                  "backgroundColor": "transparent",
                  "borderWidth": 0,
                },
                Object {
                  "marginRight": 8,
                },
                Object {
                  "flex": 0,
                  "height": 32,
                  "width": 32,
                },
              ]
            }
            width={32}
          >
            <RNSVGGroup>
              <RNSVGCircle
                cx={16}
                cy={16}
                fill={4294954223}
                propList={
                  Array [
                    "fill",
                  ]
                }
                r={16}
              />
              <RNSVGPath
                d="M18.217 23.454V8.546c3.21.958 5.555 3.937 5.555 7.454s-2.346 6.496-5.555 7.454M15.994 6v8.428l-1.269-1.27-.162-3.167 1.324-3.985a9.952 9.952 0 00-2.454.338l-.64 1.926-1.816-.91a10.03 10.03 0 00-1.974 1.497l3.363 1.685.098 1.928-1.927-.099L8.85 9.01a10.035 10.035 0 00-1.497 1.973l.911 1.816-1.927.64A9.978 9.978 0 006 15.892l3.986-1.324 3.168.162 1.27 1.27-1.27 1.27-3.168.162L6 16.108c.009.849.13 1.669.338 2.454l1.927.64-.911 1.816c.418.719.92 1.383 1.497 1.973l1.686-3.362 1.927-.099-.098 1.928-3.363 1.685a10.04 10.04 0 001.974 1.498l1.815-.911.64 1.926a9.94 9.94 0 002.455.338l-1.324-3.985.162-3.168 1.27-1.27V26c5.522 0 10-4.477 10-10s-4.478-10-10-10"
                fill={4294901935}
                propList={
                  Array [
                    "fill",
                  ]
                }
              />
            </RNSVGGroup>
          </RNSVGSvgView>
          <Text
            style={
              Array [
                Object {
                  "fontFamily": "RegularFont",
                  "fontSize": 16,
                  "fontWeight": "400",
                  "lineHeight": 24,
                },
                Array [
                  Object {
                    "fontSize": 18,
                    "lineHeight": 28,
                  },
                  Object {
                    "color": "rgba(0, 0, 0, 1)",
                  },
                ],
              ]
            }
          >
            DFI (Token)
          </Text>
        </View>
        <View
          style={
            Object {
              "display": "flex",
              "flexDirection": "row",
              "paddingBottom": 8,
            }
          }
        >
          <Text />
          <Text
            style={
              Array [
                Object {
                  "fontFamily": "RegularFont",
                  "fontSize": 16,
                  "fontWeight": "400",
                  "lineHeight": 24,
                },
                Array [
                  Object {
                    "fontFamily": "MediumFont",
                    "fontSize": 14,
                    "fontWeight": "500",
                    "lineHeight": 20,
                  },
                  Object {
                    "color": "rgba(0, 0, 0, 1)",
                  },
                ],
              ]
            }
          >
            DeFi services
          </Text>
        </View>
        <View
          style={
            Object {
              "display": "flex",
              "flexDirection": "row",
              "paddingBottom": 8,
            }
          }
        >
          <Text />
          <Text
            style={
              Array [
                Object {
                  "fontFamily": "RegularFont",
                  "fontSize": 16,
                  "fontWeight": "400",
                  "lineHeight": 24,
                },
                Array [
                  Object {
                    "fontFamily": "MediumFont",
                    "fontSize": 14,
                    "fontWeight": "500",
                    "lineHeight": 20,
                  },
                  Object {
                    "color": "rgba(0, 0, 0, 1)",
                  },
                ],
              ]
            }
          >
            Liquidity mining
          </Text>
        </View>
        <View
          style={
            Object {
              "display": "flex",
              "flexDirection": "row",
              "paddingBottom": 8,
            }
          }
        >
          <Text />
          <Text
            style={
              Array [
                Object {
                  "fontFamily": "RegularFont",
                  "fontSize": 16,
                  "fontWeight": "400",
                  "lineHeight": 24,
                },
                Array [
                  Object {
                    "fontFamily": "MediumFont",
                    "fontSize": 14,
                    "fontWeight": "500",
                    "lineHeight": 20,
                  },
                  Object {
                    "color": "rgba(0, 0, 0, 1)",
                  },
                ],
              ]
            }
          >
            Atomic Swaps
          </Text>
        </View>
      </View>
    </View>
  </View>
</RCTScrollView>
`;
