// Jest Snapshot v1, https://goo.gl/fbAQLP

exports[`input icon label should render 1`] = `
<Text
  style={
    Array [
      Object {
        "fontFamily": "RegularFont",
        "fontSize": 16,
        "fontWeight": "400",
        "lineHeight": 24,
      },
      Object {
        "color": "rgba(107, 114, 128, 1)",
        "marginLeft": 8,
        "textAlign": "right",
      },
    ]
  }
>
  DFI (Token)
</Text>
`;
