// Jest Snapshot v1, https://goo.gl/fbAQLP

exports[`<LoadingScreen /> should match snapshot 1`] = `
<View
  style={
    Object {
      "alignItems": "center",
      "backgroundColor": "rgba(255, 255, 255, 1)",
      "flexBasis": "0%",
      "flexGrow": 1,
      "flexShrink": 1,
      "height": "100%",
      "justifyContent": "center",
      "position": "relative",
      "width": "100%",
    }
  }
>
  <Modal
    animationType="none"
    hardwareAccelerated={false}
    onRequestClose={[Function]}
    statusBarTranslucent={true}
    supportedOrientations={
      Array [
        "landscape",
        "portrait",
      ]
    }
    transparent={true}
    visible={true}
  >
    <View
      style={
        Array [
          Object {
            "backgroundColor": "transparent",
            "bottom": 0,
            "flex": 1,
            "left": 0,
            "position": "absolute",
            "right": 0,
            "top": 0,
          },
          Object {
            "backgroundColor": "rgba(255, 255, 255, 1)",
          },
        ]
      }
    >
      <View
        style={
          Object {
            "alignItems": "center",
            "bottom": 0,
            "justifyContent": "center",
            "left": 0,
            "position": "absolute",
            "right": 0,
            "top": 0,
          }
        }
      >
        <ActivityIndicator
          animating={true}
          color="#5b10ff"
          hidesWhenStopped={true}
          size="large"
          style={
            Array [
              Object {
                "flex": 1,
              },
              Object {},
            ]
          }
        />
        <View
          style={
            Array [
              Object {
                "alignItems": "center",
                "bottom": 0,
                "flex": 1,
                "justifyContent": "center",
                "left": 0,
                "position": "absolute",
                "right": 0,
                "top": 0,
              },
              Object {},
            ]
          }
        >
          <Text
            style={
              Array [
                Object {
                  "fontSize": 20,
                  "fontWeight": "bold",
                  "height": 50,
                  "top": 80,
                },
                undefined,
              ]
            }
          >
            Creating Wallet
          </Text>
        </View>
      </View>
    </View>
  </Modal>
</View>
`;
