// Jest Snapshot v1, https://goo.gl/fbAQLP

exports[`recovery words guidelines should match snapshot 1`] = `
<RCTScrollView
  style={
    Array [
      Object {
        "flexBasis": "0%",
        "flexGrow": 1,
        "flexShrink": 1,
        "paddingBottom": 16,
        "paddingLeft": 16,
        "paddingRight": 16,
        "paddingTop": 24,
      },
      Object {
        "backgroundColor": "rgba(245, 245, 245, 1)",
      },
    ]
  }
>
  <View>
    <Text
      style={
        Array [
          Object {
            "fontFamily": "RegularFont",
            "fontSize": 16,
            "fontWeight": "400",
            "lineHeight": 24,
          },
          Array [
            Object {
              "fontFamily": "SemiBoldFont",
              "fontSize": 18,
              "fontWeight": "600",
              "lineHeight": 28,
            },
            Object {
              "color": "rgba(0, 0, 0, 1)",
            },
          ],
        ]
      }
    >
      What are recovery words?
    </Text>
    <Text
      style={
        Array [
          Object {
            "fontFamily": "RegularFont",
            "fontSize": 16,
            "fontWeight": "400",
            "lineHeight": 24,
          },
          Array [
            Object {
              "marginTop": 8,
            },
            Object {
              "color": "rgba(0, 0, 0, 1)",
            },
          ],
        ]
      }
    >
      Your unique 24 recovery words is a human-readable representation of your wallet private key, generated from a list of 2048 words in the BIP-39 standard.
    </Text>
    <Text
      style={
        Array [
          Object {
            "fontFamily": "RegularFont",
            "fontSize": 16,
            "fontWeight": "400",
            "lineHeight": 24,
          },
          Array [
            Object {
              "marginTop": 20,
            },
            Object {
              "color": "rgba(0, 0, 0, 1)",
            },
          ],
        ]
      }
    >
      You will need your recovery words to restore your wallet on, for example, a new mobile device. Think of them as keys to your wallet and funds.
    </Text>
    <Text
      style={
        Array [
          Object {
            "fontFamily": "RegularFont",
            "fontSize": 16,
            "fontWeight": "400",
            "lineHeight": 24,
          },
          Array [
            Object {
              "marginTop": 20,
            },
            Object {
              "color": "rgba(0, 0, 0, 1)",
            },
          ],
        ]
      }
    >
      If you lose your recovery words, you will not be able to restore your wallet, and you will lose access to your wallet and funds.
    </Text>
    <Text
      style={
        Array [
          Object {
            "fontFamily": "RegularFont",
            "fontSize": 16,
            "fontWeight": "400",
            "lineHeight": 24,
          },
          Array [
            Object {
              "marginTop": 20,
            },
            Object {
              "color": "rgba(0, 0, 0, 1)",
            },
          ],
        ]
      }
    >
      It is important that you write down your recovery words legibly and in the correct order. Store your recovery words safely and securely, away from prying eyes. You may want to think about keeping it safe from fire as well.
    </Text>
  </View>
</RCTScrollView>
`;
